Apache Maven 3.9.11 (3e54c93a704957b63ee3494413a2b544fd3d825b)
Maven home: C:\Program Files\Apache\maven
Java version: 21.0.9, vendor: Oracle Corporation, runtime: C:\Program Files\Java\jdk-21
Default locale: pt_BR, platform encoding: UTF-8
OS name: "windows 10", version: "10.0", arch: "amd64", family: "windows"
[DEBUG] Created new class realm maven.api
[DEBUG] Importing foreign packages into class realm maven.api
[DEBUG]   Imported: javax.annotation.* < plexus.core
[DEBUG]   Imported: javax.annotation.security.* < plexus.core
[DEBUG]   Imported: javax.inject.* < plexus.core
[DEBUG]   Imported: org.apache.maven.* < plexus.core
[DEBUG]   Imported: org.apache.maven.artifact < plexus.core
[DEBUG]   Imported: org.apache.maven.classrealm < plexus.core
[DEBUG]   Imported: org.apache.maven.cli < plexus.core
[DEBUG]   Imported: org.apache.maven.configuration < plexus.core
[DEBUG]   Imported: org.apache.maven.exception < plexus.core
[DEBUG]   Imported: org.apache.maven.execution < plexus.core
[DEBUG]   Imported: org.apache.maven.execution.scope < plexus.core
[DEBUG]   Imported: org.apache.maven.graph < plexus.core
[DEBUG]   Imported: org.apache.maven.lifecycle < plexus.core
[DEBUG]   Imported: org.apache.maven.model < plexus.core
[DEBUG]   Imported: org.apache.maven.monitor < plexus.core
[DEBUG]   Imported: org.apache.maven.plugin < plexus.core
[DEBUG]   Imported: org.apache.maven.profiles < plexus.core
[DEBUG]   Imported: org.apache.maven.project < plexus.core
[DEBUG]   Imported: org.apache.maven.reporting < plexus.core
[DEBUG]   Imported: org.apache.maven.repository < plexus.core
[DEBUG]   Imported: org.apache.maven.rtinfo < plexus.core
[DEBUG]   Imported: org.apache.maven.settings < plexus.core
[DEBUG]   Imported: org.apache.maven.toolchain < plexus.core
[DEBUG]   Imported: org.apache.maven.usability < plexus.core
[DEBUG]   Imported: org.apache.maven.wagon.* < plexus.core
[DEBUG]   Imported: org.apache.maven.wagon.authentication < plexus.core
[DEBUG]   Imported: org.apache.maven.wagon.authorization < plexus.core
[DEBUG]   Imported: org.apache.maven.wagon.events < plexus.core
[DEBUG]   Imported: org.apache.maven.wagon.observers < plexus.core
[DEBUG]   Imported: org.apache.maven.wagon.proxy < plexus.core
[DEBUG]   Imported: org.apache.maven.wagon.repository < plexus.core
[DEBUG]   Imported: org.apache.maven.wagon.resource < plexus.core
[DEBUG]   Imported: org.codehaus.classworlds < plexus.core
[DEBUG]   Imported: org.codehaus.plexus.* < plexus.core
[DEBUG]   Imported: org.codehaus.plexus.classworlds < plexus.core
[DEBUG]   Imported: org.codehaus.plexus.component < plexus.core
[DEBUG]   Imported: org.codehaus.plexus.configuration < plexus.core
[DEBUG]   Imported: org.codehaus.plexus.container < plexus.core
[DEBUG]   Imported: org.codehaus.plexus.context < plexus.core
[DEBUG]   Imported: org.codehaus.plexus.lifecycle < plexus.core
[DEBUG]   Imported: org.codehaus.plexus.logging < plexus.core
[DEBUG]   Imported: org.codehaus.plexus.personality < plexus.core
[DEBUG]   Imported: org.codehaus.plexus.util.xml.Xpp3Dom < plexus.core
[DEBUG]   Imported: org.codehaus.plexus.util.xml.pull.XmlPullParser < plexus.core
[DEBUG]   Imported: org.codehaus.plexus.util.xml.pull.XmlPullParserException < plexus.core
[DEBUG]   Imported: org.codehaus.plexus.util.xml.pull.XmlSerializer < plexus.core
[DEBUG]   Imported: org.eclipse.aether.* < plexus.core
[DEBUG]   Imported: org.eclipse.aether.artifact < plexus.core
[DEBUG]   Imported: org.eclipse.aether.collection < plexus.core
[DEBUG]   Imported: org.eclipse.aether.deployment < plexus.core
[DEBUG]   Imported: org.eclipse.aether.graph < plexus.core
[DEBUG]   Imported: org.eclipse.aether.impl < plexus.core
[DEBUG]   Imported: org.eclipse.aether.installation < plexus.core
[DEBUG]   Imported: org.eclipse.aether.internal.impl < plexus.core
[DEBUG]   Imported: org.eclipse.aether.metadata < plexus.core
[DEBUG]   Imported: org.eclipse.aether.repository < plexus.core
[DEBUG]   Imported: org.eclipse.aether.resolution < plexus.core
[DEBUG]   Imported: org.eclipse.aether.spi < plexus.core
[DEBUG]   Imported: org.eclipse.aether.transfer < plexus.core
[DEBUG]   Imported: org.eclipse.aether.util < plexus.core
[DEBUG]   Imported: org.eclipse.aether.version < plexus.core
[DEBUG]   Imported: org.fusesource.jansi.* < plexus.core
[DEBUG]   Imported: org.slf4j.* < plexus.core
[DEBUG]   Imported: org.slf4j.event.* < plexus.core
[DEBUG]   Imported: org.slf4j.helpers.* < plexus.core
[DEBUG]   Imported: org.slf4j.spi.* < plexus.core
[DEBUG] Populating class realm maven.api
[DEBUG] Created adapter factory; available factories [file-lock, rwlock-local, semaphore-local, noop]; available name mappers [discriminating, file-gav, file-hgav, file-static, gav, static]
[INFO] Error stacktraces are turned on.
[DEBUG] Message scheme: color
[DEBUG] Message styles: debug info warning error success failure strong mojo project
[DEBUG] Reading global settings from C:\Program Files\Apache\maven\conf\settings.xml
[DEBUG] Reading user settings from C:\Users\silas\.m2\settings.xml
[DEBUG] Reading global toolchains from C:\Program Files\Apache\maven\conf\toolchains.xml
[DEBUG] Reading user toolchains from C:\Users\silas\.m2\toolchains.xml
[DEBUG] Using local repository at C:\Users\silas\.m2\repository
[DEBUG] Using manager EnhancedLocalRepositoryManager with priority 10.0 for C:\Users\silas\.m2\repository
[INFO] Scanning for projects...
[DEBUG] Creating adapter using nameMapper 'gav' and factory 'rwlock-local'
[DEBUG] Extension realms for project com.deliverutech:delivery_api:jar:0.0.1-SNAPSHOT: (none)
[DEBUG] Looking up lifecycle mappings for packaging jar from ClassRealm[plexus.core, parent: null]
[DEBUG] Extension realms for project org.springframework.boot:spring-boot-starter-parent:pom:4.0.2: (none)
[DEBUG] Looking up lifecycle mappings for packaging pom from ClassRealm[plexus.core, parent: null]
[DEBUG] Extension realms for project org.springframework.boot:spring-boot-dependencies:pom:4.0.2: (none)
[DEBUG] Looking up lifecycle mappings for packaging pom from ClassRealm[plexus.core, parent: null]
[DEBUG] === REACTOR BUILD PLAN ================================================
[DEBUG] Project: com.deliverutech:delivery_api:jar:0.0.1-SNAPSHOT
[DEBUG] Tasks:   [compile]
[DEBUG] Style:   Regular
[DEBUG] =======================================================================
[INFO] 
[INFO] -------------------< com.deliverutech:delivery_api >--------------------
[INFO] Building delivery_api 0.0.1-SNAPSHOT
[INFO]   from pom.xml
[INFO] --------------------------------[ jar ]---------------------------------
[DEBUG] Lifecycle clean -> [pre-clean, clean, post-clean]
[DEBUG] Lifecycle default -> [validate, initialize, generate-sources, process-sources, generate-resources, process-resources, compile, process-classes, generate-test-sources, process-test-sources, generate-test-resources, process-test-resources, test-compile, process-test-classes, test, prepare-package, package, pre-integration-test, integration-test, post-integration-test, verify, install, deploy]
[DEBUG] Lifecycle site -> [pre-site, site, post-site, site-deploy]
[DEBUG] Lifecycle clean -> [pre-clean, clean, post-clean]
[DEBUG] Lifecycle default -> [validate, initialize, generate-sources, process-sources, generate-resources, process-resources, compile, process-classes, generate-test-sources, process-test-sources, generate-test-resources, process-test-resources, test-compile, process-test-classes, test, prepare-package, package, pre-integration-test, integration-test, post-integration-test, verify, install, deploy]
[DEBUG] Lifecycle site -> [pre-site, site, post-site, site-deploy]
[DEBUG] Lifecycle clean -> [pre-clean, clean, post-clean]
[DEBUG] Lifecycle default -> [validate, initialize, generate-sources, process-sources, generate-resources, process-resources, compile, process-classes, generate-test-sources, process-test-sources, generate-test-resources, process-test-resources, test-compile, process-test-classes, test, prepare-package, package, pre-integration-test, integration-test, post-integration-test, verify, install, deploy]
[DEBUG] Lifecycle site -> [pre-site, site, post-site, site-deploy]
[DEBUG] === PROJECT BUILD PLAN ================================================
[DEBUG] Project:       com.deliverutech:delivery_api:0.0.1-SNAPSHOT
[DEBUG] Dependencies (collect): []
[DEBUG] Dependencies (resolve): [compile]
[DEBUG] Repositories (dependencies): [central (https://repo.maven.apache.org/maven2, default, releases)]
[DEBUG] Repositories (plugins)     : [central (https://repo.maven.apache.org/maven2, default, releases)]
[DEBUG] -----------------------------------------------------------------------
[DEBUG] Goal:          org.apache.maven.plugins:maven-resources-plugin:3.3.1:resources (default-resources)
[DEBUG] Style:         Regular
[DEBUG] Configuration: <?xml version="1.0" encoding="UTF-8"?>
<configuration>
  <addDefaultExcludes default-value="true"/>
  <buildFilters default-value="${project.build.filters}"/>
  <delimiters>
    <delimiter>@</delimiter>
  </delimiters>
  <encoding default-value="${project.build.sourceEncoding}"/>
  <escapeWindowsPaths default-value="true"/>
  <fileNameFiltering default-value="false"/>
  <includeEmptyDirs default-value="false"/>
  <outputDirectory default-value="${project.build.outputDirectory}"/>
  <overwrite default-value="false"/>
  <project default-value="${project}"/>
  <propertiesEncoding>UTF-8</propertiesEncoding>
  <resources default-value="${project.resources}"/>
  <session default-value="${session}"/>
  <skip default-value="false">${maven.resources.skip}</skip>
  <supportMultiLineFiltering default-value="false"/>
  <useBuildFilters default-value="true"/>
  <useDefaultDelimiters default-value="true">false</useDefaultDelimiters>
</configuration>
[DEBUG] -----------------------------------------------------------------------
[DEBUG] Goal:          org.apache.maven.plugins:maven-compiler-plugin:3.14.1:compile (default-compile)
[DEBUG] Style:         Regular
[DEBUG] Configuration: <?xml version="1.0" encoding="UTF-8"?>
<configuration>
  <annotationProcessorPaths>
    <path>
      <groupId>org.projectlombok</groupId>
      <artifactId>lombok</artifactId>
    </path>
  </annotationProcessorPaths>
  <annotationProcessorPathsUseDepMgmt default-value="false"/>
  <basedir default-value="${basedir}"/>
  <buildDirectory default-value="${project.build.directory}"/>
  <compilePath default-value="${project.compileClasspathElements}"/>
  <compileSourceRoots default-value="${project.compileSourceRoots}"/>
  <compilerId default-value="javac">${maven.compiler.compilerId}</compilerId>
  <compilerReuseStrategy default-value="${reuseCreated}">${maven.compiler.compilerReuseStrategy}</compilerReuseStrategy>
  <compilerVersion>${maven.compiler.compilerVersion}</compilerVersion>
  <createMissingPackageInfoClass default-value="true">${maven.compiler.createMissingPackageInfoClass}</createMissingPackageInfoClass>
  <debug default-value="true">${maven.compiler.debug}</debug>
  <debugFileName default-value="javac"/>
  <debuglevel>${maven.compiler.debuglevel}</debuglevel>
  <enablePreview default-value="false">${maven.compiler.enablePreview}</enablePreview>
  <encoding default-value="${project.build.sourceEncoding}">${encoding}</encoding>
  <executable>${maven.compiler.executable}</executable>
  <failOnError default-value="true">${maven.compiler.failOnError}</failOnError>
  <failOnWarning default-value="false">${maven.compiler.failOnWarning}</failOnWarning>
  <fileExtensions default-value="class,jar"/>
  <forceJavacCompilerUse default-value="false">${maven.compiler.forceJavacCompilerUse}</forceJavacCompilerUse>
  <forceLegacyJavacApi default-value="false">${maven.compiler.forceLegacyJavacApi}</forceLegacyJavacApi>
  <fork default-value="false">${maven.compiler.fork}</fork>
  <generatedSourcesDirectory default-value="${project.build.directory}/generated-sources/annotations"/>
  <implicit>${maven.compiler.implicit}</implicit>
  <maxmem>${maven.compiler.maxmem}</maxmem>
  <meminitial>${maven.compiler.meminitial}</meminitial>
  <moduleVersion default-value="${project.version}">${maven.compiler.moduleVersion}</moduleVersion>
  <mojoExecution default-value="${mojoExecution}"/>
  <optimize default-value="false">${maven.compiler.optimize}</optimize>
  <outputDirectory default-value="${project.build.outputDirectory}">${maven.compiler.outputDirectory}</outputDirectory>
  <outputTimestamp default-value="${project.build.outputTimestamp}"/>
  <parameters default-value="false">true</parameters>
  <proc>${maven.compiler.proc}</proc>
  <project default-value="${project}"/>
  <projectArtifact default-value="${project.artifact}"/>
  <release>${maven.compiler.release}</release>
  <session default-value="${session}"/>
  <showCompilationChanges default-value="false">${maven.compiler.showCompilationChanges}</showCompilationChanges>
  <showDeprecation default-value="false">${maven.compiler.showDeprecation}</showDeprecation>
  <showWarnings default-value="true">${maven.compiler.showWarnings}</showWarnings>
  <skipMain>${maven.main.skip}</skipMain>
  <skipMultiThreadWarning default-value="false">${maven.compiler.skipMultiThreadWarning}</skipMultiThreadWarning>
  <source default-value="1.8">${maven.compiler.source}</source>
  <staleMillis default-value="0">${lastModGranularityMs}</staleMillis>
  <target default-value="1.8">${maven.compiler.target}</target>
  <useIncrementalCompilation default-value="true">${maven.compiler.useIncrementalCompilation}</useIncrementalCompilation>
  <useModuleVersion default-value="true">${maven.compiler.useModuleVersion}</useModuleVersion>
  <verbose default-value="false">${maven.compiler.verbose}</verbose>
</configuration>
[DEBUG] =======================================================================
[DEBUG] Using mirror maven-default-http-blocker (http://0.0.0.0/) for vaadin-snapshots (http://oss.sonatype.org/content/repositories/vaadin-snapshots/).
[DEBUG] Using mirror maven-default-http-blocker (http://0.0.0.0/) for vaadin-releases (http://oss.sonatype.org/content/repositories/vaadin-releases/).
[DEBUG] Dependency collection stats {ConflictMarker.analyzeTime=2414300, ConflictMarker.markTime=659300, ConflictMarker.nodeCount=308, ConflictIdSorter.graphTime=1494700, ConflictIdSorter.topsortTime=1175800, ConflictIdSorter.conflictIdCount=127, ConflictIdSorter.conflictIdCycleCount=0, ConflictResolver.totalTime=29921900, ConflictResolver.conflictItemCount=273, DfDependencyCollector.collectTime=2022692000, DfDependencyCollector.transformTime=41089700}
[DEBUG] com.deliverutech:delivery_api:jar:0.0.1-SNAPSHOT
[DEBUG]    org.springframework.boot:spring-boot-starter-web:jar:4.0.2:compile
[DEBUG]       org.springframework.boot:spring-boot-starter-jackson:jar:4.0.2:compile (version managed from 4.0.2)
[DEBUG]          org.springframework.boot:spring-boot-jackson:jar:4.0.2:compile (version managed from 4.0.2)
[DEBUG]             tools.jackson.core:jackson-databind:jar:3.0.4:compile (version managed from 3.0.4)
[DEBUG]                tools.jackson.core:jackson-core:jar:3.0.4:compile (version managed from 3.0.4)
[DEBUG]       org.springframework.boot:spring-boot-starter-tomcat:jar:4.0.2:compile (version managed from 4.0.2)
[DEBUG]          org.springframework.boot:spring-boot-starter-tomcat-runtime:jar:4.0.2:compile (version managed from 4.0.2)
[DEBUG]             org.springframework.boot:spring-boot-web-server:jar:4.0.2:compile (version managed from 4.0.2)
[DEBUG]             org.apache.tomcat.embed:tomcat-embed-core:jar:11.0.15:compile (version managed from 11.0.15)
[DEBUG]             org.apache.tomcat.embed:tomcat-embed-websocket:jar:11.0.15:compile (version managed from 11.0.15)
[DEBUG]          org.springframework.boot:spring-boot-tomcat:jar:4.0.2:compile (version managed from 4.0.2)
[DEBUG]       org.springframework.boot:spring-boot-http-converter:jar:4.0.2:compile (version managed from 4.0.2)
[DEBUG]          org.springframework:spring-web:jar:7.0.3:compile (version managed from 7.0.3)
[DEBUG]             io.micrometer:micrometer-observation:jar:1.16.2:compile (version managed from 1.16.2)
[DEBUG]                io.micrometer:micrometer-commons:jar:1.16.2:compile (version managed from 1.16.2)
[DEBUG]       org.springframework.boot:spring-boot-webmvc:jar:4.0.2:compile (version managed from 4.0.2)
[DEBUG]          org.springframework.boot:spring-boot-servlet:jar:4.0.2:compile (version managed from 4.0.2)
[DEBUG]          org.springframework:spring-webmvc:jar:7.0.3:compile (version managed from 7.0.3)
[DEBUG]             org.springframework:spring-expression:jar:7.0.3:compile (version managed from 7.0.3)
[DEBUG]    org.springframework.boot:spring-boot-starter-data-jpa:jar:4.0.2:compile
[DEBUG]       org.springframework.boot:spring-boot-starter:jar:4.0.2:compile (version managed from 4.0.2)
[DEBUG]          org.springframework.boot:spring-boot-starter-logging:jar:4.0.2:compile (version managed from 4.0.2)
[DEBUG]             ch.qos.logback:logback-classic:jar:1.5.25:compile (version managed from 1.5.25)
[DEBUG]                ch.qos.logback:logback-core:jar:1.5.25:compile (version managed from 1.5.25)
[DEBUG]             org.apache.logging.log4j:log4j-to-slf4j:jar:2.25.3:compile (version managed from 2.25.3)
[DEBUG]                org.apache.logging.log4j:log4j-api:jar:2.25.3:compile (version managed from 2.25.3)
[DEBUG]             org.slf4j:jul-to-slf4j:jar:2.0.17:compile (version managed from 2.0.17)
[DEBUG]          jakarta.annotation:jakarta.annotation-api:jar:3.0.0:compile (version managed from 3.0.0)
[DEBUG]          org.yaml:snakeyaml:jar:2.5:compile (version managed from 2.5)
[DEBUG]       org.springframework.boot:spring-boot-starter-jdbc:jar:4.0.2:compile (version managed from 4.0.2)
[DEBUG]          com.zaxxer:HikariCP:jar:7.0.2:compile (version managed from 7.0.2)
[DEBUG]       org.springframework.boot:spring-boot-data-jpa:jar:4.0.2:compile (version managed from 4.0.2)
[DEBUG]          org.springframework.boot:spring-boot-data-commons:jar:4.0.2:compile (version managed from 4.0.2)
[DEBUG]             org.springframework.boot:spring-boot-persistence:jar:4.0.2:compile (version managed from 4.0.2)
[DEBUG]             org.springframework.data:spring-data-commons:jar:4.0.2:compile (version managed from 4.0.2)
[DEBUG]          org.springframework.boot:spring-boot-hibernate:jar:4.0.2:compile (version managed from 4.0.2)
[DEBUG]             org.springframework.boot:spring-boot-jpa:jar:4.0.2:compile (version managed from 4.0.2)
[DEBUG]                jakarta.persistence:jakarta.persistence-api:jar:3.2.0:compile (version managed from 3.2.0)
[DEBUG]             org.hibernate.orm:hibernate-core:jar:7.2.1.Final:compile (version managed from 7.2.1.Final)
[DEBUG]                jakarta.transaction:jakarta.transaction-api:jar:2.0.1:compile (version managed from 2.0.1)
[DEBUG]                org.hibernate.models:hibernate-models:jar:1.0.1:runtime
[DEBUG]                org.glassfish.jaxb:jaxb-runtime:jar:4.0.6:runtime (version managed from 4.0.6)
[DEBUG]                   org.glassfish.jaxb:jaxb-core:jar:4.0.6:runtime (version managed from 4.0.6)
[DEBUG]                      org.eclipse.angus:angus-activation:jar:2.0.3:runtime
[DEBUG]                      org.glassfish.jaxb:txw2:jar:4.0.6:runtime (version managed from 4.0.6)
[DEBUG]                      com.sun.istack:istack-commons-runtime:jar:4.1.2:runtime
[DEBUG]                jakarta.inject:jakarta.inject-api:jar:2.0.1:runtime (version managed from 2.0.1)
[DEBUG]             org.springframework:spring-orm:jar:7.0.3:compile (version managed from 7.0.3)
[DEBUG]          org.springframework.data:spring-data-jpa:jar:4.0.2:compile (version managed from 4.0.2)
[DEBUG]             org.springframework:spring-tx:jar:7.0.3:compile (version managed from 7.0.3)
[DEBUG]             org.antlr:antlr4-runtime:jar:4.13.2:compile
[DEBUG]          org.springframework:spring-aspects:jar:7.0.3:compile (version managed from 7.0.3)
[DEBUG]             org.aspectj:aspectjweaver:jar:1.9.25.1:compile (version managed from 1.9.25)
[DEBUG]       org.springframework.boot:spring-boot-jdbc:jar:4.0.2:compile (version managed from 4.0.2)
[DEBUG]          org.springframework.boot:spring-boot-sql:jar:4.0.2:compile (version managed from 4.0.2)
[DEBUG]          org.springframework.boot:spring-boot-transaction:jar:4.0.2:compile (version managed from 4.0.2)
[DEBUG]          org.springframework:spring-jdbc:jar:7.0.3:compile (version managed from 7.0.3)
[DEBUG]    org.springframework.boot:spring-boot-starter-validation:jar:4.0.2:compile
[DEBUG]       org.springframework.boot:spring-boot-validation:jar:4.0.2:compile (version managed from 4.0.2)
[DEBUG]          org.apache.tomcat.embed:tomcat-embed-el:jar:11.0.15:compile (version managed from 11.0.15)
[DEBUG]          org.hibernate.validator:hibernate-validator:jar:9.0.1.Final:compile (version managed from 9.0.1.Final)
[DEBUG]             org.jboss.logging:jboss-logging:jar:3.6.1.Final:compile (version managed from 3.6.1.Final)
[DEBUG]             com.fasterxml:classmate:jar:1.7.3:compile (version managed from 1.7.0)
[DEBUG]    jakarta.validation:jakarta.validation-api:jar:3.1.1:compile
[DEBUG]    com.h2database:h2:jar:2.4.240:runtime
[DEBUG]    org.projectlombok:lombok:jar:1.18.42:compile (optional)
[DEBUG]    org.springframework.boot:spring-boot-devtools:jar:4.0.2:runtime (optional)
[DEBUG]       org.springframework.boot:spring-boot:jar:4.0.2:compile (version managed from 4.0.2)
[DEBUG]          org.springframework:spring-context:jar:7.0.3:compile (version managed from 7.0.3)
[DEBUG]       org.springframework.boot:spring-boot-autoconfigure:jar:4.0.2:compile (version managed from 4.0.2)
[DEBUG]    org.springdoc:springdoc-openapi-starter-webmvc-ui:jar:2.4.0:compile
[DEBUG]       org.springdoc:springdoc-openapi-starter-webmvc-api:jar:2.4.0:compile
[DEBUG]          org.springdoc:springdoc-openapi-starter-common:jar:2.4.0:compile
[DEBUG]             io.swagger.core.v3:swagger-core-jakarta:jar:2.2.20:compile
[DEBUG]                org.apache.commons:commons-lang3:jar:3.19.0:compile (version managed from 3.14.0)
[DEBUG]                io.swagger.core.v3:swagger-annotations-jakarta:jar:2.2.20:compile
[DEBUG]                io.swagger.core.v3:swagger-models-jakarta:jar:2.2.20:compile
[DEBUG]                com.fasterxml.jackson.dataformat:jackson-dataformat-yaml:jar:2.20.2:compile (version managed from 2.16.0)
[DEBUG]                com.fasterxml.jackson.datatype:jackson-datatype-jsr310:jar:2.20.2:compile (version managed from 2.16.0)
[DEBUG]       org.webjars:swagger-ui:jar:5.11.8:compile
[DEBUG]    org.springframework.boot:spring-boot-starter-security:jar:4.0.2:compile
[DEBUG]       org.springframework.boot:spring-boot-security:jar:4.0.2:compile (version managed from 4.0.2)
[DEBUG]          org.springframework.security:spring-security-config:jar:7.0.2:compile (version managed from 7.0.2)
[DEBUG]             org.springframework.security:spring-security-core:jar:7.0.2:compile (version managed from 7.0.2)
[DEBUG]                org.springframework.security:spring-security-crypto:jar:7.0.2:compile (version managed from 7.0.2)
[DEBUG]          org.springframework.security:spring-security-web:jar:7.0.2:compile (version managed from 7.0.2)
[DEBUG]       org.springframework:spring-aop:jar:7.0.3:compile (version managed from 7.0.3)
[DEBUG]          org.springframework:spring-beans:jar:7.0.3:compile (version managed from 7.0.3)
[DEBUG]    io.jsonwebtoken:jjwt-api:jar:0.12.5:compile
[DEBUG]    io.jsonwebtoken:jjwt-impl:jar:0.12.5:runtime
[DEBUG]    io.jsonwebtoken:jjwt-jackson:jar:0.12.5:runtime
[DEBUG]       com.fasterxml.jackson.core:jackson-databind:jar:2.20.2:compile (version managed from 2.12.7.1)
[DEBUG]          com.fasterxml.jackson.core:jackson-annotations:jar:2.20:compile (version managed from 2.20)
[DEBUG]          com.fasterxml.jackson.core:jackson-core:jar:2.20.2:compile (version managed from 2.20.2)
[DEBUG]    org.springframework.boot:spring-boot-starter-test:jar:4.0.2:test
[DEBUG]       org.springframework.boot:spring-boot-test:jar:4.0.2:test (version managed from 4.0.2)
[DEBUG]       org.springframework.boot:spring-boot-test-autoconfigure:jar:4.0.2:test (version managed from 4.0.2)
[DEBUG]       com.jayway.jsonpath:json-path:jar:2.10.0:test (version managed from 2.10.0)
[DEBUG]          org.slf4j:slf4j-api:jar:2.0.17:compile (version managed from 2.0.17)
[DEBUG]       jakarta.xml.bind:jakarta.xml.bind-api:jar:4.0.4:compile (version managed from 4.0.4)
[DEBUG]          jakarta.activation:jakarta.activation-api:jar:2.1.4:compile (version managed from 2.1.4)
[DEBUG]       net.minidev:json-smart:jar:2.6.0:test (version managed from 2.6.0)
[DEBUG]          net.minidev:accessors-smart:jar:2.6.0:test
[DEBUG]             org.ow2.asm:asm:jar:9.7.1:test
[DEBUG]       org.assertj:assertj-core:jar:3.27.6:test (version managed from 3.27.6)
[DEBUG]          net.bytebuddy:byte-buddy:jar:1.17.8:runtime (version managed from 1.17.7)
[DEBUG]       org.awaitility:awaitility:jar:4.3.0:test (version managed from 4.3.0)
[DEBUG]       org.hamcrest:hamcrest:jar:3.0:test (version managed from 3.0)
[DEBUG]       org.junit.jupiter:junit-jupiter:jar:6.0.2:test (version managed from 6.0.2)
[DEBUG]          org.junit.jupiter:junit-jupiter-api:jar:6.0.2:test (version managed from 6.0.2)
[DEBUG]             org.opentest4j:opentest4j:jar:1.3.0:test
[DEBUG]             org.junit.platform:junit-platform-commons:jar:6.0.2:test (version managed from 6.0.2)
[DEBUG]             org.apiguardian:apiguardian-api:jar:1.1.2:test
[DEBUG]          org.junit.jupiter:junit-jupiter-params:jar:6.0.2:test (version managed from 6.0.2)
[DEBUG]          org.junit.jupiter:junit-jupiter-engine:jar:6.0.2:test (version managed from 6.0.2)
[DEBUG]             org.junit.platform:junit-platform-engine:jar:6.0.2:test (version managed from 6.0.2)
[DEBUG]       org.mockito:mockito-core:jar:5.20.0:test (version managed from 5.20.0)
[DEBUG]          net.bytebuddy:byte-buddy-agent:jar:1.17.8:test (version managed from 1.17.7)
[DEBUG]          org.objenesis:objenesis:jar:3.3:test
[DEBUG]       org.mockito:mockito-junit-jupiter:jar:5.20.0:test (version managed from 5.20.0)
[DEBUG]       org.skyscreamer:jsonassert:jar:1.5.3:test (version managed from 1.5.3)
[DEBUG]          com.vaadin.external.google:android-json:jar:0.0.20131108.vaadin1:test
[DEBUG]       org.springframework:spring-core:jar:7.0.3:compile (version managed from 7.0.3)
[DEBUG]          commons-logging:commons-logging:jar:1.3.5:compile (version managed from 1.3.5)
[DEBUG]          org.jspecify:jspecify:jar:1.0.0:compile (version managed from 1.0.0)
[DEBUG]       org.springframework:spring-test:jar:7.0.3:test (version managed from 7.0.3)
[DEBUG]       org.xmlunit:xmlunit-core:jar:2.10.4:test (version managed from 2.10.4)
[INFO] 
[INFO] --- resources:3.3.1:resources (default-resources) @ delivery_api ---
[DEBUG] Dependency collection stats {ConflictMarker.analyzeTime=235400, ConflictMarker.markTime=79500, ConflictMarker.nodeCount=13, ConflictIdSorter.graphTime=135700, ConflictIdSorter.topsortTime=23800, ConflictIdSorter.conflictIdCount=9, ConflictIdSorter.conflictIdCycleCount=0, ConflictResolver.totalTime=438800, ConflictResolver.conflictItemCount=13, DfDependencyCollector.collectTime=201984900, DfDependencyCollector.transformTime=950400}
[DEBUG] org.apache.maven.plugins:maven-resources-plugin:jar:3.3.1
[DEBUG]    org.codehaus.plexus:plexus-interpolation:jar:1.26:runtime
[DEBUG]    org.codehaus.plexus:plexus-utils:jar:3.5.1:compile
[DEBUG]    org.apache.maven.shared:maven-filtering:jar:3.3.1:compile
[DEBUG]       javax.inject:javax.inject:jar:1:compile
[DEBUG]       org.slf4j:slf4j-api:jar:1.7.36:compile
[DEBUG]       org.sonatype.plexus:plexus-build-api:jar:0.0.7:compile
[DEBUG]    commons-io:commons-io:jar:2.11.0:compile
[DEBUG]    org.apache.commons:commons-lang3:jar:3.12.0:compile
[DEBUG] Created new class realm plugin>org.apache.maven.plugins:maven-resources-plugin:3.3.1
[DEBUG] Importing foreign packages into class realm plugin>org.apache.maven.plugins:maven-resources-plugin:3.3.1
[DEBUG]   Imported:  < maven.api
[DEBUG] Populating class realm plugin>org.apache.maven.plugins:maven-resources-plugin:3.3.1
[DEBUG]   Included: org.apache.maven.plugins:maven-resources-plugin:jar:3.3.1
[DEBUG]   Included: org.codehaus.plexus:plexus-interpolation:jar:1.26
[DEBUG]   Included: org.codehaus.plexus:plexus-utils:jar:3.5.1
[DEBUG]   Included: org.apache.maven.shared:maven-filtering:jar:3.3.1
[DEBUG]   Included: org.sonatype.plexus:plexus-build-api:jar:0.0.7
[DEBUG]   Included: commons-io:commons-io:jar:2.11.0
[DEBUG]   Included: org.apache.commons:commons-lang3:jar:3.12.0
[DEBUG] Loading mojo org.apache.maven.plugins:maven-resources-plugin:3.3.1:resources from plugin realm ClassRealm[plugin>org.apache.maven.plugins:maven-resources-plugin:3.3.1, parent: jdk.internal.loader.ClassLoaders$AppClassLoader@70dea4e]
[DEBUG] Configuring mojo execution 'org.apache.maven.plugins:maven-resources-plugin:3.3.1:resources:default-resources' with basic configurator -->
[DEBUG]   (f) addDefaultExcludes = true
[DEBUG]   (f) buildFilters = []
[DEBUG]   (s) delimiters = [@]
[DEBUG]   (f) encoding = UTF-8
[DEBUG]   (f) escapeWindowsPaths = true
[DEBUG]   (f) fileNameFiltering = false
[DEBUG]   (s) includeEmptyDirs = false
[DEBUG]   (s) outputDirectory = C:\Users\silas\Desktop\Projetos Arquitetura de Sistemas FAT 2026\delivery_api (2)\delivery_api\target\classes
[DEBUG]   (s) overwrite = false
[DEBUG]   (f) project = MavenProject: com.deliverutech:delivery_api:0.0.1-SNAPSHOT @ C:\Users\silas\Desktop\Projetos Arquitetura de Sistemas FAT 2026\delivery_api (2)\delivery_api\pom.xml
[DEBUG]   (f) propertiesEncoding = UTF-8
[DEBUG]   (s) resources = [Resource {targetPath: null, filtering: true, FileSet {directory: C:\Users\silas\Desktop\Projetos Arquitetura de Sistemas FAT 2026\delivery_api (2)\delivery_api\src\main\resources, PatternSet [includes: {**/application*.yml, **/application*.yaml, **/application*.properties}, excludes: {}]}}, Resource {targetPath: null, filtering: false, FileSet {directory: C:\Users\silas\Desktop\Projetos Arquitetura de Sistemas FAT 2026\delivery_api (2)\delivery_api\src\main\resources, PatternSet [includes: {}, excludes: {**/application*.yml, **/application*.yaml, **/application*.properties}]}}]
[DEBUG]   (f) session = org.apache.maven.execution.MavenSession@3f1ef9d6
[DEBUG]   (f) skip = false
[DEBUG]   (f) supportMultiLineFiltering = false
[DEBUG]   (f) useBuildFilters = true
[DEBUG]   (s) useDefaultDelimiters = false
[DEBUG] -- end configuration --
[DEBUG] properties used:
[DEBUG] activemq.version: 6.1.8
[DEBUG] angus-mail.version: 2.0.5
[DEBUG] artemis.version: 2.43.0
[DEBUG] aspectj.version: 1.9.25.1
[DEBUG] assertj.version: 3.27.6
[DEBUG] awaitility.version: 4.3.0
[DEBUG] brave.version: 6.3.0
[DEBUG] build-helper-maven-plugin.version: 3.6.1
[DEBUG] byte-buddy.version: 1.17.8
[DEBUG] cache2k.version: 2.6.1.Final
[DEBUG] caffeine.version: 3.2.3
[DEBUG] cassandra-driver.version: 4.19.2
[DEBUG] classmate.version: 1.7.3
[DEBUG] classworlds.conf: C:\Program Files\Apache\maven\bin\m2.conf
[DEBUG] commons-codec.version: 1.19.0
[DEBUG] commons-dbcp2.version: 2.13.0
[DEBUG] commons-lang3.version: 3.19.0
[DEBUG] commons-logging.version: 1.3.5
[DEBUG] commons-pool.version: 1.6
[DEBUG] commons-pool2.version: 2.12.1
[DEBUG] couchbase-client.version: 3.9.2
[DEBUG] crac.version: 1.5.0
[DEBUG] cyclonedx-maven-plugin.version: 2.9.1
[DEBUG] db2-jdbc.version: 12.1.3.0
[DEBUG] dependency-management-plugin.version: 1.1.7
[DEBUG] derby.version: 10.16.1.1
[DEBUG] ehcache3.version: 3.11.1
[DEBUG] elasticsearch-client.version: 9.2.3
[DEBUG] env.=C:: C:\Users\silas\Desktop\Projetos Arquitetura de Sistemas FAT 2026\delivery_api (2)\delivery_api
[DEBUG] env.=EXITCODE: 00000000
[DEBUG] env.ALLUSERSPROFILE: C:\ProgramData
[DEBUG] env.APPDATA: C:\Users\silas\AppData\Roaming
[DEBUG] env.CHOCOLATEYINSTALL: C:\ProgramData\chocolatey
[DEBUG] env.CHOCOLATEYLASTPATHUPDATE: 133961997334907766
[DEBUG] env.CHROME_CRASHPAD_PIPE_NAME: \\.\pipe\crashpad_9276_VDIZUJQYGMGGARWF
[DEBUG] env.CLASSWORLDS_JAR: "C:\Program Files\Apache\maven\boot\plexus-classworlds-2.9.0.jar"
[DEBUG] env.CLASSWORLDS_LAUNCHER: org.codehaus.plexus.classworlds.launcher.Launcher
[DEBUG] env.COLORTERM: truecolor
[DEBUG] env.COMMONPROGRAMFILES: C:\Program Files\Common Files
[DEBUG] env.COMMONPROGRAMFILES(X86): C:\Program Files (x86)\Common Files
[DEBUG] env.COMMONPROGRAMW6432: C:\Program Files\Common Files
[DEBUG] env.COMPUTERNAME: LAPTOP-8P0RKA6V
[DEBUG] env.COMSPEC: C:\WINDOWS\system32\cmd.exe
[DEBUG] env.DRIVERDATA: C:\Windows\System32\Drivers\DriverData
[DEBUG] env.ERROR_CODE: 0
[DEBUG] env.EXEC_DIR: C:\Users\silas\Desktop\Projetos Arquitetura de Sistemas FAT 2026\delivery_api (2)\delivery_api
[DEBUG] env.FPS_BROWSER_APP_PROFILE_STRING: Internet Explorer
[DEBUG] env.FPS_BROWSER_USER_PROFILE_STRING: Default
[DEBUG] env.GIT_ASKPASS: c:\Users\silas\AppData\Roaming\Code\User\globalStorage\vscode.git\askpass\2d0aa4fb4040936c\askpass.sh
[DEBUG] env.GIT_PAGER: cat
[DEBUG] env.GOPATH: C:\Users\silas\go
[DEBUG] env.HOMEDRIVE: C:
[DEBUG] env.HOMEPATH: \Users\silas
[DEBUG] env.INTELLIJ IDEA COMMUNITY EDITION: C:\Program Files\JetBrains\IntelliJ IDEA Community Edition 2025.1.1\bin;
[DEBUG] env.JAVACMD: C:\Program Files\Java\jdk-21\\bin\java.exe
[DEBUG] env.JAVA_HOME: C:\Program Files\Java\jdk-21\
[DEBUG] env.JVMCONFIG: \.mvn\jvm.config
[DEBUG] env.LANG: en_US.UTF-8
[DEBUG] env.LOCALAPPDATA: C:\Users\silas\AppData\Local
[DEBUG] env.LOGONSERVER: \\LAPTOP-8P0RKA6V
[DEBUG] env.MAVEN_CMD_LINE_ARGS: compile -X
[DEBUG] env.MAVEN_HOME: C:\Program Files\Apache\maven
[DEBUG] env.MAVEN_OPTS: --enable-native-access=ALL-UNNAMED 
[DEBUG] env.MAVEN_PROJECTBASEDIR: C:\Users\silas\Desktop\Projetos Arquitetura de Sistemas FAT 2026\delivery_api (2)\delivery_api
[DEBUG] env.NUMBER_OF_PROCESSORS: 4
[DEBUG] env.ONEDRIVE: C:\Users\silas\OneDrive
[DEBUG] env.OS: Windows_NT
[DEBUG] env.PATH: c:\Users\silas\AppData\Roaming\Code\User\globalStorage\github.copilot-chat\debugCommand;c:\Users\silas\AppData\Roaming\Code\User\globalStorage\github.copilot-chat\copilotCli;C:\Program Files\Common Files\Oracle\Java\javapath;C:\Program Files\Eclipse Adoptium\jdk-17.0.16.8-hotspot\bin;C:\Python313\Scripts\;C:\Python313\;C:\Program Files (x86)\Intel\iCLS Client\;C:\Program Files\Intel\iCLS Client\;C:\WINDOWS\system32;C:\WINDOWS;C:\WINDOWS\System32\Wbem;C:\WINDOWS\System32\WindowsPowerShell\v1.0\;C:\Program Files (x86)\Intel\Intel(R) Management Engine Components\DAL;C:\Program Files\Intel\Intel(R) Management Engine Components\DAL;C:\Program Files (x86)\Intel\Intel(R) Management Engine Components\IPT;C:\Program Files\Intel\Intel(R) Management Engine Components\IPT;C:\WINDOWS\System32\OpenSSH\;C:\Program Files\nodejs\;C:\ProgramData\chocolatey\bin;C:\Program Files\Git\cmd;C:\Program Files\Go\bin;C:\Program Files\Eclipse Adoptium\jdk-17.0.16.8-hotspot\bin\bin;C:\Program Files\Apache\maven\bin;C:\Program Files\Java\jdk-21\;C:\Program Files\GitHub CLI\;C:\Users\silas\AppData\Local\Microsoft\WindowsApps;C:\Program Files\JetBrains\IntelliJ IDEA Community Edition 2025.1.1\bin;C:\Users\silas\AppData\Local\Programs\Windsurf\bin;C:\Users\silas\AppData\Roaming\npm;C:\Users\silas\go\bin;C:\Users\silas\AppData\Local\Programs\Microsoft VS Code\bin;c:\Users\silas\.vscode\extensions\vscjava.vscode-java-debug-0.58.5\bundled\scripts\noConfigScripts
[DEBUG] env.PATHEXT: .COM;.EXE;.BAT;.CMD;.VBS;.VBE;.JS;.JSE;.WSF;.WSH;.MSC;.PY;.PYW;.CPL
[DEBUG] env.PROCESSOR_ARCHITECTURE: AMD64
[DEBUG] env.PROCESSOR_IDENTIFIER: Intel64 Family 6 Model 142 Stepping 9, GenuineIntel
[DEBUG] env.PROCESSOR_LEVEL: 6
[DEBUG] env.PROCESSOR_REVISION: 8e09
[DEBUG] env.PROGRAMDATA: C:\ProgramData
[DEBUG] env.PROGRAMFILES: C:\Program Files
[DEBUG] env.PROGRAMFILES(X86): C:\Program Files (x86)
[DEBUG] env.PROGRAMW6432: C:\Program Files
[DEBUG] env.PROMPT: $P$G
[DEBUG] env.PSMODULEPATH: C:\Users\silas\Documents\WindowsPowerShell\Modules;C:\Program Files\WindowsPowerShell\Modules;C:\WINDOWS\system32\WindowsPowerShell\v1.0\Modules
[DEBUG] env.PUBLIC: C:\Users\Public
[DEBUG] env.SESSIONNAME: Console
[DEBUG] env.SYSTEMDRIVE: C:
[DEBUG] env.SYSTEMROOT: C:\WINDOWS
[DEBUG] env.TEMP: C:\Users\silas\AppData\Local\Temp
[DEBUG] env.TERM_PROGRAM: vscode
[DEBUG] env.TERM_PROGRAM_VERSION: 1.109.2
[DEBUG] env.TMP: C:\Users\silas\AppData\Local\Temp
[DEBUG] env.USERDOMAIN: LAPTOP-8P0RKA6V
[DEBUG] env.USERDOMAIN_ROAMINGPROFILE: LAPTOP-8P0RKA6V
[DEBUG] env.USERNAME: silas
[DEBUG] env.USERPROFILE: C:\Users\silas
[DEBUG] env.VSCODE_GIT_ASKPASS_EXTRA_ARGS: 
[DEBUG] env.VSCODE_GIT_ASKPASS_MAIN: c:\Users\silas\AppData\Roaming\Code\User\globalStorage\vscode.git\askpass\2d0aa4fb4040936c\askpass-main.js
[DEBUG] env.VSCODE_GIT_ASKPASS_NODE: C:\Users\silas\AppData\Local\Programs\Microsoft VS Code\Code.exe
[DEBUG] env.VSCODE_GIT_IPC_HANDLE: \\.\pipe\vscode-git-6ce18df22d-sock
[DEBUG] env.VSCODE_INJECTION: 1
[DEBUG] env.VSCODE_JAVA_EXEC: C:\Program Files\java\jdk-21\bin\java
[DEBUG] env.VSCODE_JDWP_ADAPTER_ENDPOINTS: c:\Users\silas\.vscode\extensions\vscjava.vscode-java-debug-0.58.5\.noConfigDebugAdapterEndpoints\endpoint-b6e9214e3e9a5fda.txt
[DEBUG] env.VSCODE_PYTHON_AUTOACTIVATE_GUARD: 1
[DEBUG] env.WDIR: C:\Users\silas\Desktop\Projetos Arquitetura de Sistemas FAT 2026\delivery_api (2)\delivery_api
[DEBUG] env.WINDIR: C:\WINDOWS
[DEBUG] file.encoding: UTF-8
[DEBUG] file.separator: \
[DEBUG] flyway.version: 11.14.1
[DEBUG] freemarker.version: 2.3.34
[DEBUG] git-commit-id-maven-plugin.version: 9.0.2
[DEBUG] glassfish-jaxb.version: 4.0.6
[DEBUG] glassfish-jstl.version: 3.0.1
[DEBUG] graphql-java.version: 25.0
[DEBUG] groovy.version: 5.0.3
[DEBUG] gson.version: 2.13.2
[DEBUG] h2.version: 2.4.240
[DEBUG] hamcrest.version: 3.0
[DEBUG] hazelcast.version: 5.5.0
[DEBUG] hibernate-validator.version: 9.0.1.Final
[DEBUG] hibernate.version: 7.2.1.Final
[DEBUG] hikaricp.version: 7.0.2
[DEBUG] hsqldb.version: 2.7.3
[DEBUG] htmlunit.version: 4.17.0
[DEBUG] httpasyncclient.version: 4.1.5
[DEBUG] httpclient5.version: 5.5.2
[DEBUG] httpcore.version: 4.4.16
[DEBUG] httpcore5.version: 5.3.6
[DEBUG] infinispan.version: 15.2.6.Final
[DEBUG] influxdb-java.version: 2.25
[DEBUG] jackson-2-bom.version: 2.20.2
[DEBUG] jackson-bom.version: 3.0.4
[DEBUG] jakarta-activation.version: 2.1.4
[DEBUG] jakarta-annotation.version: 3.0.0
[DEBUG] jakarta-inject.version: 2.0.1
[DEBUG] jakarta-jms.version: 3.1.0
[DEBUG] jakarta-json-bind.version: 3.0.1
[DEBUG] jakarta-json.version: 2.1.3
[DEBUG] jakarta-mail.version: 2.1.5
[DEBUG] jakarta-management.version: 1.1.4
[DEBUG] jakarta-persistence.version: 3.2.0
[DEBUG] jakarta-servlet-jsp-jstl.version: 3.0.2
[DEBUG] jakarta-servlet.version: 6.1.0
[DEBUG] jakarta-transaction.version: 2.0.1
[DEBUG] jakarta-validation.version: 3.1.1
[DEBUG] jakarta-websocket.version: 2.2.0
[DEBUG] jakarta-ws-rs.version: 4.0.0
[DEBUG] jakarta-xml-bind.version: 4.0.4
[DEBUG] jakarta-xml-soap.version: 3.0.2
[DEBUG] jakarta-xml-ws.version: 4.0.2
[DEBUG] janino.version: 3.1.12
[DEBUG] java.class.path: C:\Program Files\Apache\maven\boot\plexus-classworlds-2.9.0.jar
[DEBUG] java.class.version: 65.0
[DEBUG] java.home: C:\Program Files\Java\jdk-21
[DEBUG] java.io.tmpdir: C:\Users\silas\AppData\Local\Temp\
[DEBUG] java.library.path: C:\Program Files\Java\jdk-21\bin;C:\WINDOWS\Sun\Java\bin;C:\WINDOWS\system32;C:\WINDOWS;c:\Users\silas\AppData\Roaming\Code\User\globalStorage\github.copilot-chat\debugCommand;c:\Users\silas\AppData\Roaming\Code\User\globalStorage\github.copilot-chat\copilotCli;C:\Program Files\Common Files\Oracle\Java\javapath;C:\Program Files\Eclipse Adoptium\jdk-17.0.16.8-hotspot\bin;C:\Python313\Scripts\;C:\Python313\;C:\Program Files (x86)\Intel\iCLS Client\;C:\Program Files\Intel\iCLS Client\;C:\WINDOWS\system32;C:\WINDOWS;C:\WINDOWS\System32\Wbem;C:\WINDOWS\System32\WindowsPowerShell\v1.0\;C:\Program Files (x86)\Intel\Intel(R) Management Engine Components\DAL;C:\Program Files\Intel\Intel(R) Management Engine Components\DAL;C:\Program Files (x86)\Intel\Intel(R) Management Engine Components\IPT;C:\Program Files\Intel\Intel(R) Management Engine Components\IPT;C:\WINDOWS\System32\OpenSSH\;C:\Program Files\nodejs\;C:\ProgramData\chocolatey\bin;C:\Program Files\Git\cmd;C:\Program Files\Go\bin;C:\Program Files\Eclipse Adoptium\jdk-17.0.16.8-hotspot\bin\bin;C:\Program Files\Apache\maven\bin;C:\Program Files\Java\jdk-21\;C:\Program Files\GitHub CLI\;C:\Users\silas\AppData\Local\Microsoft\WindowsApps;C:\Program Files\JetBrains\IntelliJ IDEA Community Edition 2025.1.1\bin;C:\Users\silas\AppData\Local\Programs\Windsurf\bin;C:\Users\silas\AppData\Roaming\npm;C:\Users\silas\go\bin;C:\Users\silas\AppData\Local\Programs\Microsoft VS Code\bin;c:\Users\silas\.vscode\extensions\vscjava.vscode-java-debug-0.58.5\bundled\scripts\noConfigScripts;.
[DEBUG] java.runtime.name: Java(TM) SE Runtime Environment
[DEBUG] java.runtime.version: 21.0.9+7-LTS-338
[DEBUG] java.specification.name: Java Platform API Specification
[DEBUG] java.specification.vendor: Oracle Corporation
[DEBUG] java.specification.version: 21
[DEBUG] java.vendor: Oracle Corporation
[DEBUG] java.vendor.url: https://java.oracle.com/
[DEBUG] java.vendor.url.bug: https://bugreport.java.com/bugreport/
[DEBUG] java.version: 21.0.9
[DEBUG] java.version.date: 2025-10-21
[DEBUG] java.vm.compressedOopsMode: 32-bit
[DEBUG] java.vm.info: mixed mode, sharing
[DEBUG] java.vm.name: Java HotSpot(TM) 64-Bit Server VM
[DEBUG] java.vm.specification.name: Java Virtual Machine Specification
[DEBUG] java.vm.specification.vendor: Oracle Corporation
[DEBUG] java.vm.specification.version: 21
[DEBUG] java.vm.vendor: Oracle Corporation
[DEBUG] java.vm.version: 21.0.9+7-LTS-338
[DEBUG] javax-cache.version: 1.1.1
[DEBUG] javax-money.version: 1.1
[DEBUG] jaxen.version: 2.0.0
[DEBUG] jaybird.version: 6.0.3
[DEBUG] jboss-logging.version: 3.6.1.Final
[DEBUG] jdk.debug: release
[DEBUG] jdom2.version: 2.0.6.1
[DEBUG] jedis.version: 7.0.0
[DEBUG] jersey.version: 4.0.0
[DEBUG] jetty-reactive-httpclient.version: 4.1.4
[DEBUG] jetty.version: 12.1.5
[DEBUG] jmustache.version: 1.16
[DEBUG] jooq.version: 3.19.29
[DEBUG] json-path.version: 2.10.0
[DEBUG] json-smart.version: 2.6.0
[DEBUG] jsonassert.version: 1.5.3
[DEBUG] jspecify.version: 1.0.0
[DEBUG] jtds.version: 1.3.1
[DEBUG] junit-jupiter.version: 6.0.2
[DEBUG] junit.version: 4.13.2
[DEBUG] kafka.version: 4.1.1
[DEBUG] kotlin-coroutines.version: 1.10.2
[DEBUG] kotlin-serialization.version: 1.9.0
[DEBUG] kotlin.version: 2.2.21
[DEBUG] lettuce.version: 6.8.2.RELEASE
[DEBUG] library.jansi.path: C:\Program Files\Apache\maven\lib\jansi-native
[DEBUG] line.separator: 

[DEBUG] liquibase.version: 5.0.1
[DEBUG] log4j2.version: 2.25.3
[DEBUG] logback.version: 1.5.25
[DEBUG] lombok.version: 1.18.42
[DEBUG] mariadb.version: 3.5.7
[DEBUG] maven-antrun-plugin.version: 3.2.0
[DEBUG] maven-assembly-plugin.version: 3.7.1
[DEBUG] maven-clean-plugin.version: 3.5.0
[DEBUG] maven-compiler-plugin.version: 3.14.1
[DEBUG] maven-dependency-plugin.version: 3.9.0
[DEBUG] maven-deploy-plugin.version: 3.1.4
[DEBUG] maven-enforcer-plugin.version: 3.6.2
[DEBUG] maven-failsafe-plugin.version: 3.5.4
[DEBUG] maven-help-plugin.version: 3.5.1
[DEBUG] maven-install-plugin.version: 3.1.4
[DEBUG] maven-invoker-plugin.version: 3.9.1
[DEBUG] maven-jar-plugin.version: 3.4.2
[DEBUG] maven-javadoc-plugin.version: 3.12.0
[DEBUG] maven-resources-plugin.version: 3.3.1
[DEBUG] maven-shade-plugin.version: 3.6.1
[DEBUG] maven-source-plugin.version: 3.3.1
[DEBUG] maven-surefire-plugin.version: 3.5.4
[DEBUG] maven-war-plugin.version: 3.4.0
[DEBUG] maven.build.timestamp: 2026-02-11T23:45:14Z
[DEBUG] maven.build.version: Apache Maven 3.9.11 (3e54c93a704957b63ee3494413a2b544fd3d825b)
[DEBUG] maven.compiler.release: 21
[DEBUG] maven.conf: C:\Program Files\Apache\maven/conf
[DEBUG] maven.home: C:\Program Files\Apache\maven
[DEBUG] maven.multiModuleProjectDirectory: C:\Users\silas\Desktop\Projetos Arquitetura de Sistemas FAT 2026\delivery_api (2)\delivery_api
[DEBUG] maven.version: 3.9.11
[DEBUG] micrometer-tracing.version: 1.6.2
[DEBUG] micrometer.version: 1.16.2
[DEBUG] mockito.version: 5.20.0
[DEBUG] mongodb.version: 5.6.2
[DEBUG] mssql-jdbc.version: 13.2.1.jre11
[DEBUG] mysql.version: 9.5.0
[DEBUG] native-build-tools-plugin.version: 0.11.4
[DEBUG] native.encoding: Cp1252
[DEBUG] nekohtml.version: 1.9.22
[DEBUG] neo4j-java-driver.version: 6.0.2
[DEBUG] netty.version: 4.2.9.Final
[DEBUG] opentelemetry.version: 1.55.0
[DEBUG] oracle-database.version: 23.9.0.25.07
[DEBUG] oracle-r2dbc.version: 1.3.0
[DEBUG] os.arch: amd64
[DEBUG] os.name: Windows 10
[DEBUG] os.version: 10.0
[DEBUG] path.separator: ;
[DEBUG] pooled-jms.version: 3.1.9
[DEBUG] postgresql.version: 42.7.9
[DEBUG] project.baseUri: file:/C:/Users/silas/Desktop/Projetos%20Arquitetura%20de%20Sistemas%20FAT%202026/delivery_api%20(2)/delivery_api/
[DEBUG] project.build.sourceEncoding: UTF-8
[DEBUG] project.reporting.outputEncoding: UTF-8
[DEBUG] prometheus-client.version: 1.4.3
[DEBUG] prometheus-simpleclient.version: 0.16.0
[DEBUG] pulsar.version: 4.1.2
[DEBUG] quartz.version: 2.5.2
[DEBUG] querydsl.version: 5.1.0
[DEBUG] r2dbc-h2.version: 1.1.0.RELEASE
[DEBUG] r2dbc-mariadb.version: 1.3.0
[DEBUG] r2dbc-mssql.version: 1.0.4.RELEASE
[DEBUG] r2dbc-mysql.version: 1.4.1
[DEBUG] r2dbc-pool.version: 1.0.2.RELEASE
[DEBUG] r2dbc-postgresql.version: 1.1.1.RELEASE
[DEBUG] r2dbc-proxy.version: 1.1.6.RELEASE
[DEBUG] r2dbc-spi.version: 1.0.0.RELEASE
[DEBUG] rabbit-amqp-client.version: 5.27.1
[DEBUG] rabbit-stream-client.version: 0.23.0
[DEBUG] reactive-streams.version: 1.0.4
[DEBUG] reactor-bom.version: 2025.0.2
[DEBUG] resource.delimiter: @
[DEBUG] rsocket.version: 1.1.5
[DEBUG] rxjava3.version: 3.1.12
[DEBUG] saaj-impl.version: 3.0.4
[DEBUG] selenium-htmlunit.version: 4.36.1
[DEBUG] selenium.version: 4.37.0
[DEBUG] sendgrid.version: 4.10.3
[DEBUG] slf4j.version: 2.0.17
[DEBUG] snakeyaml.version: 2.5
[DEBUG] spring-amqp.version: 4.0.2
[DEBUG] spring-batch.version: 6.0.2
[DEBUG] spring-boot.run.main-class: ${start-class}
[DEBUG] spring-data-bom.version: 2025.1.2
[DEBUG] spring-framework.version: 7.0.3
[DEBUG] spring-graphql.version: 2.0.2
[DEBUG] spring-hateoas.version: 3.0.2
[DEBUG] spring-integration.version: 7.0.2
[DEBUG] spring-kafka.version: 4.0.2
[DEBUG] spring-ldap.version: 4.0.1
[DEBUG] spring-pulsar.version: 2.0.2
[DEBUG] spring-restdocs.version: 4.0.0
[DEBUG] spring-security.version: 7.0.2
[DEBUG] spring-session.version: 4.0.1
[DEBUG] spring-ws.version: 5.0.0
[DEBUG] sqlite-jdbc.version: 3.50.3.0
[DEBUG] stderr.encoding: Cp1252
[DEBUG] stdout.encoding: Cp1252
[DEBUG] sun.arch.data.model: 64
[DEBUG] sun.boot.library.path: C:\Program Files\Java\jdk-21\bin
[DEBUG] sun.cpu.endian: little
[DEBUG] sun.cpu.isalist: amd64
[DEBUG] sun.io.unicode.encoding: UnicodeLittle
[DEBUG] sun.java.command: org.codehaus.plexus.classworlds.launcher.Launcher compile -X
[DEBUG] sun.java.launcher: SUN_STANDARD
[DEBUG] sun.jnu.encoding: Cp1252
[DEBUG] sun.management.compiler: HotSpot 64-Bit Tiered Compilers
[DEBUG] sun.os.patch.level: 
[DEBUG] testcontainers-redis-module.version: 2.2.4
[DEBUG] testcontainers.version: 2.0.3
[DEBUG] thymeleaf-extras-data-attribute.version: 2.0.1
[DEBUG] thymeleaf-extras-springsecurity.version: 3.1.3.RELEASE
[DEBUG] thymeleaf-layout-dialect.version: 3.4.0
[DEBUG] thymeleaf.version: 3.1.3.RELEASE
[DEBUG] tomcat.version: 11.0.15
[DEBUG] unboundid-ldapsdk.version: 7.0.4
[DEBUG] user.country: BR
[DEBUG] user.dir: C:\Users\silas\Desktop\Projetos Arquitetura de Sistemas FAT 2026\delivery_api (2)\delivery_api
[DEBUG] user.home: C:\Users\silas
[DEBUG] user.language: pt
[DEBUG] user.name: silas
[DEBUG] user.script: 
[DEBUG] user.variant: 
[DEBUG] versions-maven-plugin.version: 2.19.1
[DEBUG] vibur.version: 26.0
[DEBUG] webjars-locator-core.version: 0.59
[DEBUG] webjars-locator-lite.version: 1.1.3
[DEBUG] wsdl4j.version: 1.6.3
[DEBUG] xml-maven-plugin.version: 1.2.1
[DEBUG] xmlunit2.version: 2.10.4
[DEBUG] yasson.version: 3.0.4
[DEBUG] zipkin-reporter.version: 3.5.1
[DEBUG] Using 'UTF-8' encoding to copy filtered resources.
[DEBUG] Using 'UTF-8' encoding to copy filtered properties files.
[DEBUG] resource with targetPath null
directory C:\Users\silas\Desktop\Projetos Arquitetura de Sistemas FAT 2026\delivery_api (2)\delivery_api\src\main\resources
excludes []
includes [**/application*.yml, **/application*.yaml, **/application*.properties]
[DEBUG] ignoreDelta true
[INFO] Copying 1 resource from src\main\resources to target\classes
[DEBUG] Copying file application.properties
[DEBUG] file application.properties has a filtered file extension
[DEBUG] Using 'UTF-8' encoding to copy filtered resource 'application.properties'.
[DEBUG] filtering C:\Users\silas\Desktop\Projetos Arquitetura de Sistemas FAT 2026\delivery_api (2)\delivery_api\src\main\resources\application.properties to C:\Users\silas\Desktop\Projetos Arquitetura de Sistemas FAT 2026\delivery_api (2)\delivery_api\target\classes\application.properties
[DEBUG] resource with targetPath null
directory C:\Users\silas\Desktop\Projetos Arquitetura de Sistemas FAT 2026\delivery_api (2)\delivery_api\src\main\resources
excludes [**/application*.yml, **/application*.yaml, **/application*.properties]
includes []
[DEBUG] ignoreDelta true
[INFO] Copying 0 resource from src\main\resources to target\classes
[DEBUG] no user filter components
[INFO] 
[INFO] --- compiler:3.14.1:compile (default-compile) @ delivery_api ---
[DEBUG] Using mirror maven-default-http-blocker (http://0.0.0.0/) for apache.snapshots (http://repository.apache.org/snapshots).
[DEBUG] Dependency collection stats {ConflictMarker.analyzeTime=215900, ConflictMarker.markTime=438200, ConflictMarker.nodeCount=23, ConflictIdSorter.graphTime=623200, ConflictIdSorter.topsortTime=47900, ConflictIdSorter.conflictIdCount=14, ConflictIdSorter.conflictIdCycleCount=0, ConflictResolver.totalTime=388500, ConflictResolver.conflictItemCount=23, DfDependencyCollector.collectTime=166685100, DfDependencyCollector.transformTime=49312600}
[DEBUG] org.apache.maven.plugins:maven-compiler-plugin:jar:3.14.1
[DEBUG]    org.ow2.asm:asm:jar:9.8:compile
[DEBUG]    org.apache.maven.shared:maven-shared-utils:jar:3.4.2:compile
[DEBUG]       org.slf4j:slf4j-api:jar:1.7.36:compile
[DEBUG]       commons-io:commons-io:jar:2.11.0:compile
[DEBUG]    org.apache.maven.shared:maven-shared-incremental:jar:1.1:compile
[DEBUG]    org.codehaus.plexus:plexus-java:jar:1.5.0:compile
[DEBUG]       com.thoughtworks.qdox:qdox:jar:2.2.0:compile
[DEBUG]    org.codehaus.plexus:plexus-compiler-api:jar:2.15.0:compile
[DEBUG]    org.codehaus.plexus:plexus-compiler-manager:jar:2.15.0:compile
[DEBUG]       javax.inject:javax.inject:jar:1:compile
[DEBUG]       org.codehaus.plexus:plexus-xml:jar:3.0.1:compile (version managed from default)
[DEBUG]    org.codehaus.plexus:plexus-compiler-javac:jar:2.15.0:runtime
[DEBUG]    org.codehaus.plexus:plexus-utils:jar:4.0.2:compile
[DEBUG] Created new class realm plugin>org.apache.maven.plugins:maven-compiler-plugin:3.14.1
[DEBUG] Importing foreign packages into class realm plugin>org.apache.maven.plugins:maven-compiler-plugin:3.14.1
[DEBUG]   Imported:  < maven.api
[DEBUG] Populating class realm plugin>org.apache.maven.plugins:maven-compiler-plugin:3.14.1
[DEBUG]   Included: org.apache.maven.plugins:maven-compiler-plugin:jar:3.14.1
[DEBUG]   Included: org.ow2.asm:asm:jar:9.8
[DEBUG]   Included: org.apache.maven.shared:maven-shared-utils:jar:3.4.2
[DEBUG]   Included: commons-io:commons-io:jar:2.11.0
[DEBUG]   Included: org.apache.maven.shared:maven-shared-incremental:jar:1.1
[DEBUG]   Included: org.codehaus.plexus:plexus-java:jar:1.5.0
[DEBUG]   Included: com.thoughtworks.qdox:qdox:jar:2.2.0
[DEBUG]   Included: org.codehaus.plexus:plexus-compiler-api:jar:2.15.0
[DEBUG]   Included: org.codehaus.plexus:plexus-compiler-manager:jar:2.15.0
[DEBUG]   Included: org.codehaus.plexus:plexus-xml:jar:3.0.1
[DEBUG]   Included: org.codehaus.plexus:plexus-compiler-javac:jar:2.15.0
[DEBUG]   Included: org.codehaus.plexus:plexus-utils:jar:4.0.2
[DEBUG] Loading mojo org.apache.maven.plugins:maven-compiler-plugin:3.14.1:compile from plugin realm ClassRealm[plugin>org.apache.maven.plugins:maven-compiler-plugin:3.14.1, parent: jdk.internal.loader.ClassLoaders$AppClassLoader@70dea4e]
[DEBUG] Configuring mojo execution 'org.apache.maven.plugins:maven-compiler-plugin:3.14.1:compile:default-compile' with basic configurator -->
[DEBUG]   (s) groupId = org.projectlombok
[DEBUG]   (s) artifactId = lombok
[DEBUG]   (f) annotationProcessorPaths = [org.projectlombok:lombok.jar]
[DEBUG]   (f) annotationProcessorPathsUseDepMgmt = false
[DEBUG]   (f) basedir = C:\Users\silas\Desktop\Projetos Arquitetura de Sistemas FAT 2026\delivery_api (2)\delivery_api
[DEBUG]   (f) buildDirectory = C:\Users\silas\Desktop\Projetos Arquitetura de Sistemas FAT 2026\delivery_api (2)\delivery_api\target
[DEBUG]   (f) compilePath = [C:\Users\silas\Desktop\Projetos Arquitetura de Sistemas FAT 2026\delivery_api (2)\delivery_api\target\classes, C:\Users\silas\.m2\repository\org\springframework\boot\spring-boot-starter-web\4.0.2\spring-boot-starter-web-4.0.2.jar, C:\Users\silas\.m2\repository\org\springframework\boot\spring-boot-starter-jackson\4.0.2\spring-boot-starter-jackson-4.0.2.jar, C:\Users\silas\.m2\repository\org\springframework\boot\spring-boot-jackson\4.0.2\spring-boot-jackson-4.0.2.jar, C:\Users\silas\.m2\repository\tools\jackson\core\jackson-databind\3.0.4\jackson-databind-3.0.4.jar, C:\Users\silas\.m2\repository\tools\jackson\core\jackson-core\3.0.4\jackson-core-3.0.4.jar, C:\Users\silas\.m2\repository\org\springframework\boot\spring-boot-starter-tomcat\4.0.2\spring-boot-starter-tomcat-4.0.2.jar, C:\Users\silas\.m2\repository\org\springframework\boot\spring-boot-starter-tomcat-runtime\4.0.2\spring-boot-starter-tomcat-runtime-4.0.2.jar, C:\Users\silas\.m2\repository\org\springframework\boot\spring-boot-web-server\4.0.2\spring-boot-web-server-4.0.2.jar, C:\Users\silas\.m2\repository\org\apache\tomcat\embed\tomcat-embed-core\11.0.15\tomcat-embed-core-11.0.15.jar, C:\Users\silas\.m2\repository\org\apache\tomcat\embed\tomcat-embed-websocket\11.0.15\tomcat-embed-websocket-11.0.15.jar, C:\Users\silas\.m2\repository\org\springframework\boot\spring-boot-tomcat\4.0.2\spring-boot-tomcat-4.0.2.jar, C:\Users\silas\.m2\repository\org\springframework\boot\spring-boot-http-converter\4.0.2\spring-boot-http-converter-4.0.2.jar, C:\Users\silas\.m2\repository\org\springframework\spring-web\7.0.3\spring-web-7.0.3.jar, C:\Users\silas\.m2\repository\io\micrometer\micrometer-observation\1.16.2\micrometer-observation-1.16.2.jar, C:\Users\silas\.m2\repository\io\micrometer\micrometer-commons\1.16.2\micrometer-commons-1.16.2.jar, C:\Users\silas\.m2\repository\org\springframework\boot\spring-boot-webmvc\4.0.2\spring-boot-webmvc-4.0.2.jar, C:\Users\silas\.m2\repository\org\springframework\boot\spring-boot-servlet\4.0.2\spring-boot-servlet-4.0.2.jar, C:\Users\silas\.m2\repository\org\springframework\spring-webmvc\7.0.3\spring-webmvc-7.0.3.jar, C:\Users\silas\.m2\repository\org\springframework\spring-expression\7.0.3\spring-expression-7.0.3.jar, C:\Users\silas\.m2\repository\org\springframework\boot\spring-boot-starter-data-jpa\4.0.2\spring-boot-starter-data-jpa-4.0.2.jar, C:\Users\silas\.m2\repository\org\springframework\boot\spring-boot-starter\4.0.2\spring-boot-starter-4.0.2.jar, C:\Users\silas\.m2\repository\org\springframework\boot\spring-boot-starter-logging\4.0.2\spring-boot-starter-logging-4.0.2.jar, C:\Users\silas\.m2\repository\ch\qos\logback\logback-classic\1.5.25\logback-classic-1.5.25.jar, C:\Users\silas\.m2\repository\ch\qos\logback\logback-core\1.5.25\logback-core-1.5.25.jar, C:\Users\silas\.m2\repository\org\apache\logging\log4j\log4j-to-slf4j\2.25.3\log4j-to-slf4j-2.25.3.jar, C:\Users\silas\.m2\repository\org\apache\logging\log4j\log4j-api\2.25.3\log4j-api-2.25.3.jar, C:\Users\silas\.m2\repository\org\slf4j\jul-to-slf4j\2.0.17\jul-to-slf4j-2.0.17.jar, C:\Users\silas\.m2\repository\jakarta\annotation\jakarta.annotation-api\3.0.0\jakarta.annotation-api-3.0.0.jar, C:\Users\silas\.m2\repository\org\yaml\snakeyaml\2.5\snakeyaml-2.5.jar, C:\Users\silas\.m2\repository\org\springframework\boot\spring-boot-starter-jdbc\4.0.2\spring-boot-starter-jdbc-4.0.2.jar, C:\Users\silas\.m2\repository\com\zaxxer\HikariCP\7.0.2\HikariCP-7.0.2.jar, C:\Users\silas\.m2\repository\org\springframework\boot\spring-boot-data-jpa\4.0.2\spring-boot-data-jpa-4.0.2.jar, C:\Users\silas\.m2\repository\org\springframework\boot\spring-boot-data-commons\4.0.2\spring-boot-data-commons-4.0.2.jar, C:\Users\silas\.m2\repository\org\springframework\boot\spring-boot-persistence\4.0.2\spring-boot-persistence-4.0.2.jar, C:\Users\silas\.m2\repository\org\springframework\data\spring-data-commons\4.0.2\spring-data-commons-4.0.2.jar, C:\Users\silas\.m2\repository\org\springframework\boot\spring-boot-hibernate\4.0.2\spring-boot-hibernate-4.0.2.jar, C:\Users\silas\.m2\repository\org\springframework\boot\spring-boot-jpa\4.0.2\spring-boot-jpa-4.0.2.jar, C:\Users\silas\.m2\repository\jakarta\persistence\jakarta.persistence-api\3.2.0\jakarta.persistence-api-3.2.0.jar, C:\Users\silas\.m2\repository\org\hibernate\orm\hibernate-core\7.2.1.Final\hibernate-core-7.2.1.Final.jar, C:\Users\silas\.m2\repository\jakarta\transaction\jakarta.transaction-api\2.0.1\jakarta.transaction-api-2.0.1.jar, C:\Users\silas\.m2\repository\org\springframework\spring-orm\7.0.3\spring-orm-7.0.3.jar, C:\Users\silas\.m2\repository\org\springframework\data\spring-data-jpa\4.0.2\spring-data-jpa-4.0.2.jar, C:\Users\silas\.m2\repository\org\springframework\spring-tx\7.0.3\spring-tx-7.0.3.jar, C:\Users\silas\.m2\repository\org\antlr\antlr4-runtime\4.13.2\antlr4-runtime-4.13.2.jar, C:\Users\silas\.m2\repository\org\springframework\spring-aspects\7.0.3\spring-aspects-7.0.3.jar, C:\Users\silas\.m2\repository\org\aspectj\aspectjweaver\1.9.25.1\aspectjweaver-1.9.25.1.jar, C:\Users\silas\.m2\repository\org\springframework\boot\spring-boot-jdbc\4.0.2\spring-boot-jdbc-4.0.2.jar, C:\Users\silas\.m2\repository\org\springframework\boot\spring-boot-sql\4.0.2\spring-boot-sql-4.0.2.jar, C:\Users\silas\.m2\repository\org\springframework\boot\spring-boot-transaction\4.0.2\spring-boot-transaction-4.0.2.jar, C:\Users\silas\.m2\repository\org\springframework\spring-jdbc\7.0.3\spring-jdbc-7.0.3.jar, C:\Users\silas\.m2\repository\org\springframework\boot\spring-boot-starter-validation\4.0.2\spring-boot-starter-validation-4.0.2.jar, C:\Users\silas\.m2\repository\org\springframework\boot\spring-boot-validation\4.0.2\spring-boot-validation-4.0.2.jar, C:\Users\silas\.m2\repository\org\apache\tomcat\embed\tomcat-embed-el\11.0.15\tomcat-embed-el-11.0.15.jar, C:\Users\silas\.m2\repository\org\hibernate\validator\hibernate-validator\9.0.1.Final\hibernate-validator-9.0.1.Final.jar, C:\Users\silas\.m2\repository\org\jboss\logging\jboss-logging\3.6.1.Final\jboss-logging-3.6.1.Final.jar, C:\Users\silas\.m2\repository\com\fasterxml\classmate\1.7.3\classmate-1.7.3.jar, C:\Users\silas\.m2\repository\jakarta\validation\jakarta.validation-api\3.1.1\jakarta.validation-api-3.1.1.jar, C:\Users\silas\.m2\repository\org\projectlombok\lombok\1.18.42\lombok-1.18.42.jar, C:\Users\silas\.m2\repository\org\springframework\boot\spring-boot\4.0.2\spring-boot-4.0.2.jar, C:\Users\silas\.m2\repository\org\springframework\spring-context\7.0.3\spring-context-7.0.3.jar, C:\Users\silas\.m2\repository\org\springframework\boot\spring-boot-autoconfigure\4.0.2\spring-boot-autoconfigure-4.0.2.jar, C:\Users\silas\.m2\repository\org\springdoc\springdoc-openapi-starter-webmvc-ui\2.4.0\springdoc-openapi-starter-webmvc-ui-2.4.0.jar, C:\Users\silas\.m2\repository\org\springdoc\springdoc-openapi-starter-webmvc-api\2.4.0\springdoc-openapi-starter-webmvc-api-2.4.0.jar, C:\Users\silas\.m2\repository\org\springdoc\springdoc-openapi-starter-common\2.4.0\springdoc-openapi-starter-common-2.4.0.jar, C:\Users\silas\.m2\repository\io\swagger\core\v3\swagger-core-jakarta\2.2.20\swagger-core-jakarta-2.2.20.jar, C:\Users\silas\.m2\repository\org\apache\commons\commons-lang3\3.19.0\commons-lang3-3.19.0.jar, C:\Users\silas\.m2\repository\io\swagger\core\v3\swagger-annotations-jakarta\2.2.20\swagger-annotations-jakarta-2.2.20.jar, C:\Users\silas\.m2\repository\io\swagger\core\v3\swagger-models-jakarta\2.2.20\swagger-models-jakarta-2.2.20.jar, C:\Users\silas\.m2\repository\com\fasterxml\jackson\dataformat\jackson-dataformat-yaml\2.20.2\jackson-dataformat-yaml-2.20.2.jar, C:\Users\silas\.m2\repository\com\fasterxml\jackson\datatype\jackson-datatype-jsr310\2.20.2\jackson-datatype-jsr310-2.20.2.jar, C:\Users\silas\.m2\repository\org\webjars\swagger-ui\5.11.8\swagger-ui-5.11.8.jar, C:\Users\silas\.m2\repository\org\springframework\boot\spring-boot-starter-security\4.0.2\spring-boot-starter-security-4.0.2.jar, C:\Users\silas\.m2\repository\org\springframework\boot\spring-boot-security\4.0.2\spring-boot-security-4.0.2.jar, C:\Users\silas\.m2\repository\org\springframework\security\spring-security-config\7.0.2\spring-security-config-7.0.2.jar, C:\Users\silas\.m2\repository\org\springframework\security\spring-security-core\7.0.2\spring-security-core-7.0.2.jar, C:\Users\silas\.m2\repository\org\springframework\security\spring-security-crypto\7.0.2\spring-security-crypto-7.0.2.jar, C:\Users\silas\.m2\repository\org\springframework\security\spring-security-web\7.0.2\spring-security-web-7.0.2.jar, C:\Users\silas\.m2\repository\org\springframework\spring-aop\7.0.3\spring-aop-7.0.3.jar, C:\Users\silas\.m2\repository\org\springframework\spring-beans\7.0.3\spring-beans-7.0.3.jar, C:\Users\silas\.m2\repository\io\jsonwebtoken\jjwt-api\0.12.5\jjwt-api-0.12.5.jar, C:\Users\silas\.m2\repository\com\fasterxml\jackson\core\jackson-databind\2.20.2\jackson-databind-2.20.2.jar, C:\Users\silas\.m2\repository\com\fasterxml\jackson\core\jackson-annotations\2.20\jackson-annotations-2.20.jar, C:\Users\silas\.m2\repository\com\fasterxml\jackson\core\jackson-core\2.20.2\jackson-core-2.20.2.jar, C:\Users\silas\.m2\repository\org\slf4j\slf4j-api\2.0.17\slf4j-api-2.0.17.jar, C:\Users\silas\.m2\repository\jakarta\xml\bind\jakarta.xml.bind-api\4.0.4\jakarta.xml.bind-api-4.0.4.jar, C:\Users\silas\.m2\repository\jakarta\activation\jakarta.activation-api\2.1.4\jakarta.activation-api-2.1.4.jar, C:\Users\silas\.m2\repository\org\springframework\spring-core\7.0.3\spring-core-7.0.3.jar, C:\Users\silas\.m2\repository\commons-logging\commons-logging\1.3.5\commons-logging-1.3.5.jar, C:\Users\silas\.m2\repository\org\jspecify\jspecify\1.0.0\jspecify-1.0.0.jar]
[DEBUG]   (f) compileSourceRoots = [C:\Users\silas\Desktop\Projetos Arquitetura de Sistemas FAT 2026\delivery_api (2)\delivery_api\src\main\java]
[DEBUG]   (f) compilerId = javac
[DEBUG]   (f) createMissingPackageInfoClass = true
[DEBUG]   (f) debug = true
[DEBUG]   (f) debugFileName = javac
[DEBUG]   (f) enablePreview = false
[DEBUG]   (f) encoding = UTF-8
[DEBUG]   (f) failOnError = true
[DEBUG]   (f) failOnWarning = false
[DEBUG]   (f) fileExtensions = [jar, class]
[DEBUG]   (f) forceJavacCompilerUse = false
[DEBUG]   (f) forceLegacyJavacApi = false
[DEBUG]   (f) fork = false
[DEBUG]   (f) generatedSourcesDirectory = C:\Users\silas\Desktop\Projetos Arquitetura de Sistemas FAT 2026\delivery_api (2)\delivery_api\target\generated-sources\annotations
[DEBUG]   (f) moduleVersion = 0.0.1-SNAPSHOT
[DEBUG]   (f) mojoExecution = org.apache.maven.plugins:maven-compiler-plugin:3.14.1:compile {execution: default-compile}
[DEBUG]   (f) optimize = false
[DEBUG]   (f) outputDirectory = C:\Users\silas\Desktop\Projetos Arquitetura de Sistemas FAT 2026\delivery_api (2)\delivery_api\target\classes
[DEBUG]   (f) parameters = true
[DEBUG]   (f) project = MavenProject: com.deliverutech:delivery_api:0.0.1-SNAPSHOT @ C:\Users\silas\Desktop\Projetos Arquitetura de Sistemas FAT 2026\delivery_api (2)\delivery_api\pom.xml
[DEBUG]   (f) projectArtifact = com.deliverutech:delivery_api:jar:0.0.1-SNAPSHOT
[DEBUG]   (s) release = 21
[DEBUG]   (f) session = org.apache.maven.execution.MavenSession@3f1ef9d6
[DEBUG]   (f) showCompilationChanges = false
[DEBUG]   (f) showDeprecation = false
[DEBUG]   (f) showWarnings = true
[DEBUG]   (f) skipMultiThreadWarning = false
[DEBUG]   (f) source = 1.8
[DEBUG]   (f) staleMillis = 0
[DEBUG]   (s) target = 1.8
[DEBUG]   (f) useIncrementalCompilation = true
[DEBUG]   (f) useModuleVersion = true
[DEBUG]   (f) verbose = false
[DEBUG] -- end configuration --
[DEBUG] Using compiler 'javac'.
[DEBUG] Dependency collection stats {ConflictMarker.analyzeTime=35400, ConflictMarker.markTime=20900, ConflictMarker.nodeCount=2, ConflictIdSorter.graphTime=3400, ConflictIdSorter.topsortTime=8400, ConflictIdSorter.conflictIdCount=1, ConflictIdSorter.conflictIdCycleCount=0, ConflictResolver.totalTime=109700, ConflictResolver.conflictItemCount=1, DfDependencyCollector.collectTime=3468700, DfDependencyCollector.transformTime=201500}
[DEBUG] CompilerReuseStrategy: reuseCreated
[DEBUG] useIncrementalCompilation enabled
[INFO] 	Stale source detected: C:\Users\silas\Desktop\Projetos Arquitetura de Sistemas FAT 2026\delivery_api (2)\delivery_api\src\main\java\com\deliverutech\delivery_api\model\StatusPedido.java
[INFO] 	Stale source detected: C:\Users\silas\Desktop\Projetos Arquitetura de Sistemas FAT 2026\delivery_api (2)\delivery_api\src\main\java\com\deliverutech\delivery_api\service\impl\ClienteServiceImpl.java
[INFO] 	Stale source detected: C:\Users\silas\Desktop\Projetos Arquitetura de Sistemas FAT 2026\delivery_api (2)\delivery_api\src\main\java\com\deliverutech\delivery_api\model\Produto.java
[INFO] 	Stale source detected: C:\Users\silas\Desktop\Projetos Arquitetura de Sistemas FAT 2026\delivery_api (2)\delivery_api\src\main\java\com\deliverutech\delivery_api\repository\ClienteRepository.java
[INFO] 	Stale source detected: C:\Users\silas\Desktop\Projetos Arquitetura de Sistemas FAT 2026\delivery_api (2)\delivery_api\src\main\java\com\deliverutech\delivery_api\security\SecurityUtils.java
[INFO] 	Stale source detected: C:\Users\silas\Desktop\Projetos Arquitetura de Sistemas FAT 2026\delivery_api (2)\delivery_api\src\main\java\com\deliverutech\delivery_api\model\Restaurante.java
[INFO] Recompiling the module because of changed source code.
[DEBUG] Classpath:
[DEBUG]  C:\Users\silas\Desktop\Projetos Arquitetura de Sistemas FAT 2026\delivery_api (2)\delivery_api\target\classes
[DEBUG]  C:\Users\silas\.m2\repository\org\springframework\boot\spring-boot-starter-web\4.0.2\spring-boot-starter-web-4.0.2.jar
[DEBUG]  C:\Users\silas\.m2\repository\org\springframework\boot\spring-boot-starter-jackson\4.0.2\spring-boot-starter-jackson-4.0.2.jar
[DEBUG]  C:\Users\silas\.m2\repository\org\springframework\boot\spring-boot-jackson\4.0.2\spring-boot-jackson-4.0.2.jar
[DEBUG]  C:\Users\silas\.m2\repository\tools\jackson\core\jackson-databind\3.0.4\jackson-databind-3.0.4.jar
[DEBUG]  C:\Users\silas\.m2\repository\tools\jackson\core\jackson-core\3.0.4\jackson-core-3.0.4.jar
[DEBUG]  C:\Users\silas\.m2\repository\org\springframework\boot\spring-boot-starter-tomcat\4.0.2\spring-boot-starter-tomcat-4.0.2.jar
[DEBUG]  C:\Users\silas\.m2\repository\org\springframework\boot\spring-boot-starter-tomcat-runtime\4.0.2\spring-boot-starter-tomcat-runtime-4.0.2.jar
[DEBUG]  C:\Users\silas\.m2\repository\org\springframework\boot\spring-boot-web-server\4.0.2\spring-boot-web-server-4.0.2.jar
[DEBUG]  C:\Users\silas\.m2\repository\org\apache\tomcat\embed\tomcat-embed-core\11.0.15\tomcat-embed-core-11.0.15.jar
[DEBUG]  C:\Users\silas\.m2\repository\org\apache\tomcat\embed\tomcat-embed-websocket\11.0.15\tomcat-embed-websocket-11.0.15.jar
[DEBUG]  C:\Users\silas\.m2\repository\org\springframework\boot\spring-boot-tomcat\4.0.2\spring-boot-tomcat-4.0.2.jar
[DEBUG]  C:\Users\silas\.m2\repository\org\springframework\boot\spring-boot-http-converter\4.0.2\spring-boot-http-converter-4.0.2.jar
[DEBUG]  C:\Users\silas\.m2\repository\org\springframework\spring-web\7.0.3\spring-web-7.0.3.jar
[DEBUG]  C:\Users\silas\.m2\repository\io\micrometer\micrometer-observation\1.16.2\micrometer-observation-1.16.2.jar
[DEBUG]  C:\Users\silas\.m2\repository\io\micrometer\micrometer-commons\1.16.2\micrometer-commons-1.16.2.jar
[DEBUG]  C:\Users\silas\.m2\repository\org\springframework\boot\spring-boot-webmvc\4.0.2\spring-boot-webmvc-4.0.2.jar
[DEBUG]  C:\Users\silas\.m2\repository\org\springframework\boot\spring-boot-servlet\4.0.2\spring-boot-servlet-4.0.2.jar
[DEBUG]  C:\Users\silas\.m2\repository\org\springframework\spring-webmvc\7.0.3\spring-webmvc-7.0.3.jar
[DEBUG]  C:\Users\silas\.m2\repository\org\springframework\spring-expression\7.0.3\spring-expression-7.0.3.jar
[DEBUG]  C:\Users\silas\.m2\repository\org\springframework\boot\spring-boot-starter-data-jpa\4.0.2\spring-boot-starter-data-jpa-4.0.2.jar
[DEBUG]  C:\Users\silas\.m2\repository\org\springframework\boot\spring-boot-starter\4.0.2\spring-boot-starter-4.0.2.jar
[DEBUG]  C:\Users\silas\.m2\repository\org\springframework\boot\spring-boot-starter-logging\4.0.2\spring-boot-starter-logging-4.0.2.jar
[DEBUG]  C:\Users\silas\.m2\repository\ch\qos\logback\logback-classic\1.5.25\logback-classic-1.5.25.jar
[DEBUG]  C:\Users\silas\.m2\repository\ch\qos\logback\logback-core\1.5.25\logback-core-1.5.25.jar
[DEBUG]  C:\Users\silas\.m2\repository\org\apache\logging\log4j\log4j-to-slf4j\2.25.3\log4j-to-slf4j-2.25.3.jar
[DEBUG]  C:\Users\silas\.m2\repository\org\apache\logging\log4j\log4j-api\2.25.3\log4j-api-2.25.3.jar
[DEBUG]  C:\Users\silas\.m2\repository\org\slf4j\jul-to-slf4j\2.0.17\jul-to-slf4j-2.0.17.jar
[DEBUG]  C:\Users\silas\.m2\repository\jakarta\annotation\jakarta.annotation-api\3.0.0\jakarta.annotation-api-3.0.0.jar
[DEBUG]  C:\Users\silas\.m2\repository\org\yaml\snakeyaml\2.5\snakeyaml-2.5.jar
[DEBUG]  C:\Users\silas\.m2\repository\org\springframework\boot\spring-boot-starter-jdbc\4.0.2\spring-boot-starter-jdbc-4.0.2.jar
[DEBUG]  C:\Users\silas\.m2\repository\com\zaxxer\HikariCP\7.0.2\HikariCP-7.0.2.jar
[DEBUG]  C:\Users\silas\.m2\repository\org\springframework\boot\spring-boot-data-jpa\4.0.2\spring-boot-data-jpa-4.0.2.jar
[DEBUG]  C:\Users\silas\.m2\repository\org\springframework\boot\spring-boot-data-commons\4.0.2\spring-boot-data-commons-4.0.2.jar
[DEBUG]  C:\Users\silas\.m2\repository\org\springframework\boot\spring-boot-persistence\4.0.2\spring-boot-persistence-4.0.2.jar
[DEBUG]  C:\Users\silas\.m2\repository\org\springframework\data\spring-data-commons\4.0.2\spring-data-commons-4.0.2.jar
[DEBUG]  C:\Users\silas\.m2\repository\org\springframework\boot\spring-boot-hibernate\4.0.2\spring-boot-hibernate-4.0.2.jar
[DEBUG]  C:\Users\silas\.m2\repository\org\springframework\boot\spring-boot-jpa\4.0.2\spring-boot-jpa-4.0.2.jar
[DEBUG]  C:\Users\silas\.m2\repository\jakarta\persistence\jakarta.persistence-api\3.2.0\jakarta.persistence-api-3.2.0.jar
[DEBUG]  C:\Users\silas\.m2\repository\org\hibernate\orm\hibernate-core\7.2.1.Final\hibernate-core-7.2.1.Final.jar
[DEBUG]  C:\Users\silas\.m2\repository\jakarta\transaction\jakarta.transaction-api\2.0.1\jakarta.transaction-api-2.0.1.jar
[DEBUG]  C:\Users\silas\.m2\repository\org\springframework\spring-orm\7.0.3\spring-orm-7.0.3.jar
[DEBUG]  C:\Users\silas\.m2\repository\org\springframework\data\spring-data-jpa\4.0.2\spring-data-jpa-4.0.2.jar
[DEBUG]  C:\Users\silas\.m2\repository\org\springframework\spring-tx\7.0.3\spring-tx-7.0.3.jar
[DEBUG]  C:\Users\silas\.m2\repository\org\antlr\antlr4-runtime\4.13.2\antlr4-runtime-4.13.2.jar
[DEBUG]  C:\Users\silas\.m2\repository\org\springframework\spring-aspects\7.0.3\spring-aspects-7.0.3.jar
[DEBUG]  C:\Users\silas\.m2\repository\org\aspectj\aspectjweaver\1.9.25.1\aspectjweaver-1.9.25.1.jar
[DEBUG]  C:\Users\silas\.m2\repository\org\springframework\boot\spring-boot-jdbc\4.0.2\spring-boot-jdbc-4.0.2.jar
[DEBUG]  C:\Users\silas\.m2\repository\org\springframework\boot\spring-boot-sql\4.0.2\spring-boot-sql-4.0.2.jar
[DEBUG]  C:\Users\silas\.m2\repository\org\springframework\boot\spring-boot-transaction\4.0.2\spring-boot-transaction-4.0.2.jar
[DEBUG]  C:\Users\silas\.m2\repository\org\springframework\spring-jdbc\7.0.3\spring-jdbc-7.0.3.jar
[DEBUG]  C:\Users\silas\.m2\repository\org\springframework\boot\spring-boot-starter-validation\4.0.2\spring-boot-starter-validation-4.0.2.jar
[DEBUG]  C:\Users\silas\.m2\repository\org\springframework\boot\spring-boot-validation\4.0.2\spring-boot-validation-4.0.2.jar
[DEBUG]  C:\Users\silas\.m2\repository\org\apache\tomcat\embed\tomcat-embed-el\11.0.15\tomcat-embed-el-11.0.15.jar
[DEBUG]  C:\Users\silas\.m2\repository\org\hibernate\validator\hibernate-validator\9.0.1.Final\hibernate-validator-9.0.1.Final.jar
[DEBUG]  C:\Users\silas\.m2\repository\org\jboss\logging\jboss-logging\3.6.1.Final\jboss-logging-3.6.1.Final.jar
[DEBUG]  C:\Users\silas\.m2\repository\com\fasterxml\classmate\1.7.3\classmate-1.7.3.jar
[DEBUG]  C:\Users\silas\.m2\repository\jakarta\validation\jakarta.validation-api\3.1.1\jakarta.validation-api-3.1.1.jar
[DEBUG]  C:\Users\silas\.m2\repository\org\projectlombok\lombok\1.18.42\lombok-1.18.42.jar
[DEBUG]  C:\Users\silas\.m2\repository\org\springframework\boot\spring-boot\4.0.2\spring-boot-4.0.2.jar
[DEBUG]  C:\Users\silas\.m2\repository\org\springframework\spring-context\7.0.3\spring-context-7.0.3.jar
[DEBUG]  C:\Users\silas\.m2\repository\org\springframework\boot\spring-boot-autoconfigure\4.0.2\spring-boot-autoconfigure-4.0.2.jar
[DEBUG]  C:\Users\silas\.m2\repository\org\springdoc\springdoc-openapi-starter-webmvc-ui\2.4.0\springdoc-openapi-starter-webmvc-ui-2.4.0.jar
[DEBUG]  C:\Users\silas\.m2\repository\org\springdoc\springdoc-openapi-starter-webmvc-api\2.4.0\springdoc-openapi-starter-webmvc-api-2.4.0.jar
[DEBUG]  C:\Users\silas\.m2\repository\org\springdoc\springdoc-openapi-starter-common\2.4.0\springdoc-openapi-starter-common-2.4.0.jar
[DEBUG]  C:\Users\silas\.m2\repository\io\swagger\core\v3\swagger-core-jakarta\2.2.20\swagger-core-jakarta-2.2.20.jar
[DEBUG]  C:\Users\silas\.m2\repository\org\apache\commons\commons-lang3\3.19.0\commons-lang3-3.19.0.jar
[DEBUG]  C:\Users\silas\.m2\repository\io\swagger\core\v3\swagger-annotations-jakarta\2.2.20\swagger-annotations-jakarta-2.2.20.jar
[DEBUG]  C:\Users\silas\.m2\repository\io\swagger\core\v3\swagger-models-jakarta\2.2.20\swagger-models-jakarta-2.2.20.jar
[DEBUG]  C:\Users\silas\.m2\repository\com\fasterxml\jackson\dataformat\jackson-dataformat-yaml\2.20.2\jackson-dataformat-yaml-2.20.2.jar
[DEBUG]  C:\Users\silas\.m2\repository\com\fasterxml\jackson\datatype\jackson-datatype-jsr310\2.20.2\jackson-datatype-jsr310-2.20.2.jar
[DEBUG]  C:\Users\silas\.m2\repository\org\webjars\swagger-ui\5.11.8\swagger-ui-5.11.8.jar
[DEBUG]  C:\Users\silas\.m2\repository\org\springframework\boot\spring-boot-starter-security\4.0.2\spring-boot-starter-security-4.0.2.jar
[DEBUG]  C:\Users\silas\.m2\repository\org\springframework\boot\spring-boot-security\4.0.2\spring-boot-security-4.0.2.jar
[DEBUG]  C:\Users\silas\.m2\repository\org\springframework\security\spring-security-config\7.0.2\spring-security-config-7.0.2.jar
[DEBUG]  C:\Users\silas\.m2\repository\org\springframework\security\spring-security-core\7.0.2\spring-security-core-7.0.2.jar
[DEBUG]  C:\Users\silas\.m2\repository\org\springframework\security\spring-security-crypto\7.0.2\spring-security-crypto-7.0.2.jar
[DEBUG]  C:\Users\silas\.m2\repository\org\springframework\security\spring-security-web\7.0.2\spring-security-web-7.0.2.jar
[DEBUG]  C:\Users\silas\.m2\repository\org\springframework\spring-aop\7.0.3\spring-aop-7.0.3.jar
[DEBUG]  C:\Users\silas\.m2\repository\org\springframework\spring-beans\7.0.3\spring-beans-7.0.3.jar
[DEBUG]  C:\Users\silas\.m2\repository\io\jsonwebtoken\jjwt-api\0.12.5\jjwt-api-0.12.5.jar
[DEBUG]  C:\Users\silas\.m2\repository\com\fasterxml\jackson\core\jackson-databind\2.20.2\jackson-databind-2.20.2.jar
[DEBUG]  C:\Users\silas\.m2\repository\com\fasterxml\jackson\core\jackson-annotations\2.20\jackson-annotations-2.20.jar
[DEBUG]  C:\Users\silas\.m2\repository\com\fasterxml\jackson\core\jackson-core\2.20.2\jackson-core-2.20.2.jar
[DEBUG]  C:\Users\silas\.m2\repository\org\slf4j\slf4j-api\2.0.17\slf4j-api-2.0.17.jar
[DEBUG]  C:\Users\silas\.m2\repository\jakarta\xml\bind\jakarta.xml.bind-api\4.0.4\jakarta.xml.bind-api-4.0.4.jar
[DEBUG]  C:\Users\silas\.m2\repository\jakarta\activation\jakarta.activation-api\2.1.4\jakarta.activation-api-2.1.4.jar
[DEBUG]  C:\Users\silas\.m2\repository\org\springframework\spring-core\7.0.3\spring-core-7.0.3.jar
[DEBUG]  C:\Users\silas\.m2\repository\commons-logging\commons-logging\1.3.5\commons-logging-1.3.5.jar
[DEBUG]  C:\Users\silas\.m2\repository\org\jspecify\jspecify\1.0.0\jspecify-1.0.0.jar
[DEBUG] Source roots:
[DEBUG]  C:\Users\silas\Desktop\Projetos Arquitetura de Sistemas FAT 2026\delivery_api (2)\delivery_api\src\main\java
[DEBUG] Command line options:
[DEBUG] -d C:\Users\silas\Desktop\Projetos Arquitetura de Sistemas FAT 2026\delivery_api (2)\delivery_api\target\classes -classpath C:\Users\silas\Desktop\Projetos Arquitetura de Sistemas FAT 2026\delivery_api (2)\delivery_api\target\classes;C:\Users\silas\.m2\repository\org\springframework\boot\spring-boot-starter-web\4.0.2\spring-boot-starter-web-4.0.2.jar;C:\Users\silas\.m2\repository\org\springframework\boot\spring-boot-starter-jackson\4.0.2\spring-boot-starter-jackson-4.0.2.jar;C:\Users\silas\.m2\repository\org\springframework\boot\spring-boot-jackson\4.0.2\spring-boot-jackson-4.0.2.jar;C:\Users\silas\.m2\repository\tools\jackson\core\jackson-databind\3.0.4\jackson-databind-3.0.4.jar;C:\Users\silas\.m2\repository\tools\jackson\core\jackson-core\3.0.4\jackson-core-3.0.4.jar;C:\Users\silas\.m2\repository\org\springframework\boot\spring-boot-starter-tomcat\4.0.2\spring-boot-starter-tomcat-4.0.2.jar;C:\Users\silas\.m2\repository\org\springframework\boot\spring-boot-starter-tomcat-runtime\4.0.2\spring-boot-starter-tomcat-runtime-4.0.2.jar;C:\Users\silas\.m2\repository\org\springframework\boot\spring-boot-web-server\4.0.2\spring-boot-web-server-4.0.2.jar;C:\Users\silas\.m2\repository\org\apache\tomcat\embed\tomcat-embed-core\11.0.15\tomcat-embed-core-11.0.15.jar;C:\Users\silas\.m2\repository\org\apache\tomcat\embed\tomcat-embed-websocket\11.0.15\tomcat-embed-websocket-11.0.15.jar;C:\Users\silas\.m2\repository\org\springframework\boot\spring-boot-tomcat\4.0.2\spring-boot-tomcat-4.0.2.jar;C:\Users\silas\.m2\repository\org\springframework\boot\spring-boot-http-converter\4.0.2\spring-boot-http-converter-4.0.2.jar;C:\Users\silas\.m2\repository\org\springframework\spring-web\7.0.3\spring-web-7.0.3.jar;C:\Users\silas\.m2\repository\io\micrometer\micrometer-observation\1.16.2\micrometer-observation-1.16.2.jar;C:\Users\silas\.m2\repository\io\micrometer\micrometer-commons\1.16.2\micrometer-commons-1.16.2.jar;C:\Users\silas\.m2\repository\org\springframework\boot\spring-boot-webmvc\4.0.2\spring-boot-webmvc-4.0.2.jar;C:\Users\silas\.m2\repository\org\springframework\boot\spring-boot-servlet\4.0.2\spring-boot-servlet-4.0.2.jar;C:\Users\silas\.m2\repository\org\springframework\spring-webmvc\7.0.3\spring-webmvc-7.0.3.jar;C:\Users\silas\.m2\repository\org\springframework\spring-expression\7.0.3\spring-expression-7.0.3.jar;C:\Users\silas\.m2\repository\org\springframework\boot\spring-boot-starter-data-jpa\4.0.2\spring-boot-starter-data-jpa-4.0.2.jar;C:\Users\silas\.m2\repository\org\springframework\boot\spring-boot-starter\4.0.2\spring-boot-starter-4.0.2.jar;C:\Users\silas\.m2\repository\org\springframework\boot\spring-boot-starter-logging\4.0.2\spring-boot-starter-logging-4.0.2.jar;C:\Users\silas\.m2\repository\ch\qos\logback\logback-classic\1.5.25\logback-classic-1.5.25.jar;C:\Users\silas\.m2\repository\ch\qos\logback\logback-core\1.5.25\logback-core-1.5.25.jar;C:\Users\silas\.m2\repository\org\apache\logging\log4j\log4j-to-slf4j\2.25.3\log4j-to-slf4j-2.25.3.jar;C:\Users\silas\.m2\repository\org\apache\logging\log4j\log4j-api\2.25.3\log4j-api-2.25.3.jar;C:\Users\silas\.m2\repository\org\slf4j\jul-to-slf4j\2.0.17\jul-to-slf4j-2.0.17.jar;C:\Users\silas\.m2\repository\jakarta\annotation\jakarta.annotation-api\3.0.0\jakarta.annotation-api-3.0.0.jar;C:\Users\silas\.m2\repository\org\yaml\snakeyaml\2.5\snakeyaml-2.5.jar;C:\Users\silas\.m2\repository\org\springframework\boot\spring-boot-starter-jdbc\4.0.2\spring-boot-starter-jdbc-4.0.2.jar;C:\Users\silas\.m2\repository\com\zaxxer\HikariCP\7.0.2\HikariCP-7.0.2.jar;C:\Users\silas\.m2\repository\org\springframework\boot\spring-boot-data-jpa\4.0.2\spring-boot-data-jpa-4.0.2.jar;C:\Users\silas\.m2\repository\org\springframework\boot\spring-boot-data-commons\4.0.2\spring-boot-data-commons-4.0.2.jar;C:\Users\silas\.m2\repository\org\springframework\boot\spring-boot-persistence\4.0.2\spring-boot-persistence-4.0.2.jar;C:\Users\silas\.m2\repository\org\springframework\data\spring-data-commons\4.0.2\spring-data-commons-4.0.2.jar;C:\Users\silas\.m2\repository\org\springframework\boot\spring-boot-hibernate\4.0.2\spring-boot-hibernate-4.0.2.jar;C:\Users\silas\.m2\repository\org\springframework\boot\spring-boot-jpa\4.0.2\spring-boot-jpa-4.0.2.jar;C:\Users\silas\.m2\repository\jakarta\persistence\jakarta.persistence-api\3.2.0\jakarta.persistence-api-3.2.0.jar;C:\Users\silas\.m2\repository\org\hibernate\orm\hibernate-core\7.2.1.Final\hibernate-core-7.2.1.Final.jar;C:\Users\silas\.m2\repository\jakarta\transaction\jakarta.transaction-api\2.0.1\jakarta.transaction-api-2.0.1.jar;C:\Users\silas\.m2\repository\org\springframework\spring-orm\7.0.3\spring-orm-7.0.3.jar;C:\Users\silas\.m2\repository\org\springframework\data\spring-data-jpa\4.0.2\spring-data-jpa-4.0.2.jar;C:\Users\silas\.m2\repository\org\springframework\spring-tx\7.0.3\spring-tx-7.0.3.jar;C:\Users\silas\.m2\repository\org\antlr\antlr4-runtime\4.13.2\antlr4-runtime-4.13.2.jar;C:\Users\silas\.m2\repository\org\springframework\spring-aspects\7.0.3\spring-aspects-7.0.3.jar;C:\Users\silas\.m2\repository\org\aspectj\aspectjweaver\1.9.25.1\aspectjweaver-1.9.25.1.jar;C:\Users\silas\.m2\repository\org\springframework\boot\spring-boot-jdbc\4.0.2\spring-boot-jdbc-4.0.2.jar;C:\Users\silas\.m2\repository\org\springframework\boot\spring-boot-sql\4.0.2\spring-boot-sql-4.0.2.jar;C:\Users\silas\.m2\repository\org\springframework\boot\spring-boot-transaction\4.0.2\spring-boot-transaction-4.0.2.jar;C:\Users\silas\.m2\repository\org\springframework\spring-jdbc\7.0.3\spring-jdbc-7.0.3.jar;C:\Users\silas\.m2\repository\org\springframework\boot\spring-boot-starter-validation\4.0.2\spring-boot-starter-validation-4.0.2.jar;C:\Users\silas\.m2\repository\org\springframework\boot\spring-boot-validation\4.0.2\spring-boot-validation-4.0.2.jar;C:\Users\silas\.m2\repository\org\apache\tomcat\embed\tomcat-embed-el\11.0.15\tomcat-embed-el-11.0.15.jar;C:\Users\silas\.m2\repository\org\hibernate\validator\hibernate-validator\9.0.1.Final\hibernate-validator-9.0.1.Final.jar;C:\Users\silas\.m2\repository\org\jboss\logging\jboss-logging\3.6.1.Final\jboss-logging-3.6.1.Final.jar;C:\Users\silas\.m2\repository\com\fasterxml\classmate\1.7.3\classmate-1.7.3.jar;C:\Users\silas\.m2\repository\jakarta\validation\jakarta.validation-api\3.1.1\jakarta.validation-api-3.1.1.jar;C:\Users\silas\.m2\repository\org\projectlombok\lombok\1.18.42\lombok-1.18.42.jar;C:\Users\silas\.m2\repository\org\springframework\boot\spring-boot\4.0.2\spring-boot-4.0.2.jar;C:\Users\silas\.m2\repository\org\springframework\spring-context\7.0.3\spring-context-7.0.3.jar;C:\Users\silas\.m2\repository\org\springframework\boot\spring-boot-autoconfigure\4.0.2\spring-boot-autoconfigure-4.0.2.jar;C:\Users\silas\.m2\repository\org\springdoc\springdoc-openapi-starter-webmvc-ui\2.4.0\springdoc-openapi-starter-webmvc-ui-2.4.0.jar;C:\Users\silas\.m2\repository\org\springdoc\springdoc-openapi-starter-webmvc-api\2.4.0\springdoc-openapi-starter-webmvc-api-2.4.0.jar;C:\Users\silas\.m2\repository\org\springdoc\springdoc-openapi-starter-common\2.4.0\springdoc-openapi-starter-common-2.4.0.jar;C:\Users\silas\.m2\repository\io\swagger\core\v3\swagger-core-jakarta\2.2.20\swagger-core-jakarta-2.2.20.jar;C:\Users\silas\.m2\repository\org\apache\commons\commons-lang3\3.19.0\commons-lang3-3.19.0.jar;C:\Users\silas\.m2\repository\io\swagger\core\v3\swagger-annotations-jakarta\2.2.20\swagger-annotations-jakarta-2.2.20.jar;C:\Users\silas\.m2\repository\io\swagger\core\v3\swagger-models-jakarta\2.2.20\swagger-models-jakarta-2.2.20.jar;C:\Users\silas\.m2\repository\com\fasterxml\jackson\dataformat\jackson-dataformat-yaml\2.20.2\jackson-dataformat-yaml-2.20.2.jar;C:\Users\silas\.m2\repository\com\fasterxml\jackson\datatype\jackson-datatype-jsr310\2.20.2\jackson-datatype-jsr310-2.20.2.jar;C:\Users\silas\.m2\repository\org\webjars\swagger-ui\5.11.8\swagger-ui-5.11.8.jar;C:\Users\silas\.m2\repository\org\springframework\boot\spring-boot-starter-security\4.0.2\spring-boot-starter-security-4.0.2.jar;C:\Users\silas\.m2\repository\org\springframework\boot\spring-boot-security\4.0.2\spring-boot-security-4.0.2.jar;C:\Users\silas\.m2\repository\org\springframework\security\spring-security-config\7.0.2\spring-security-config-7.0.2.jar;C:\Users\silas\.m2\repository\org\springframework\security\spring-security-core\7.0.2\spring-security-core-7.0.2.jar;C:\Users\silas\.m2\repository\org\springframework\security\spring-security-crypto\7.0.2\spring-security-crypto-7.0.2.jar;C:\Users\silas\.m2\repository\org\springframework\security\spring-security-web\7.0.2\spring-security-web-7.0.2.jar;C:\Users\silas\.m2\repository\org\springframework\spring-aop\7.0.3\spring-aop-7.0.3.jar;C:\Users\silas\.m2\repository\org\springframework\spring-beans\7.0.3\spring-beans-7.0.3.jar;C:\Users\silas\.m2\repository\io\jsonwebtoken\jjwt-api\0.12.5\jjwt-api-0.12.5.jar;C:\Users\silas\.m2\repository\com\fasterxml\jackson\core\jackson-databind\2.20.2\jackson-databind-2.20.2.jar;C:\Users\silas\.m2\repository\com\fasterxml\jackson\core\jackson-annotations\2.20\jackson-annotations-2.20.jar;C:\Users\silas\.m2\repository\com\fasterxml\jackson\core\jackson-core\2.20.2\jackson-core-2.20.2.jar;C:\Users\silas\.m2\repository\org\slf4j\slf4j-api\2.0.17\slf4j-api-2.0.17.jar;C:\Users\silas\.m2\repository\jakarta\xml\bind\jakarta.xml.bind-api\4.0.4\jakarta.xml.bind-api-4.0.4.jar;C:\Users\silas\.m2\repository\jakarta\activation\jakarta.activation-api\2.1.4\jakarta.activation-api-2.1.4.jar;C:\Users\silas\.m2\repository\org\springframework\spring-core\7.0.3\spring-core-7.0.3.jar;C:\Users\silas\.m2\repository\commons-logging\commons-logging\1.3.5\commons-logging-1.3.5.jar;C:\Users\silas\.m2\repository\org\jspecify\jspecify\1.0.0\jspecify-1.0.0.jar; -sourcepath C:\Users\silas\Desktop\Projetos Arquitetura de Sistemas FAT 2026\delivery_api (2)\delivery_api\src\main\java; -s C:\Users\silas\Desktop\Projetos Arquitetura de Sistemas FAT 2026\delivery_api (2)\delivery_api\target\generated-sources\annotations -processorpath C:\Users\silas\.m2\repository\org\projectlombok\lombok\1.18.42\lombok-1.18.42.jar; -g -parameters --release 21 -encoding UTF-8 -XDuseUnsharedTable=true
[DEBUG] incrementalBuildHelper#beforeRebuildExecution
[INFO] Compiling 23 source files with javac [debug parameters release 21] to target\classes
[DEBUG] incrementalBuildHelper#afterRebuildExecution
[INFO] -------------------------------------------------------------
[WARNING] COMPILATION WARNING : 
[INFO] -------------------------------------------------------------
[WARNING] /C:/Users/silas/Desktop/Projetos Arquitetura de Sistemas FAT 2026/delivery_api (2)/delivery_api/src/main/java/com/deliverutech/delivery_api/model/Usuario.java:[36,21] @Builder will ignore the initializing expression entirely. If you want the initializing expression to serve as default, add @Builder.Default. If it is not supposed to be settable during building, make the field final.
[WARNING] /C:/Users/silas/Desktop/Projetos Arquitetura de Sistemas FAT 2026/delivery_api (2)/delivery_api/src/main/java/com/deliverutech/delivery_api/model/Pedido.java:[37,27] @Builder will ignore the initializing expression entirely. If you want the initializing expression to serve as default, add @Builder.Default. If it is not supposed to be settable during building, make the field final.
[WARNING] /C:/Users/silas/Desktop/Projetos Arquitetura de Sistemas FAT 2026/delivery_api (2)/delivery_api/src/main/java/com/deliverutech/delivery_api/model/Restaurante.java:[41,21] @Builder will ignore the initializing expression entirely. If you want the initializing expression to serve as default, add @Builder.Default. If it is not supposed to be settable during building, make the field final.
[INFO] 3 warnings 
[INFO] -------------------------------------------------------------
[INFO] -------------------------------------------------------------
[ERROR] COMPILATION ERROR : 
[INFO] -------------------------------------------------------------
[ERROR] /C:/Users/silas/Desktop/Projetos Arquitetura de Sistemas FAT 2026/delivery_api (2)/delivery_api/src/main/java/com/deliverutech/delivery_api/model/Produto.java:[41,32] bad operand types for binary operator '!='
  first type:  boolean
  second type: <nulltype>
[INFO] 1 error
[INFO] -------------------------------------------------------------
[DEBUG] Adding C:\Users\silas\Desktop\Projetos Arquitetura de Sistemas FAT 2026\delivery_api (2)\delivery_api\target\generated-sources\annotations to the project compile source roots but NOT the actual compile source roots:
  C:\Users\silas\Desktop\Projetos Arquitetura de Sistemas FAT 2026\delivery_api (2)\delivery_api\src\main\java
[INFO] ------------------------------------------------------------------------
[INFO] BUILD FAILURE
[INFO] ------------------------------------------------------------------------
[INFO] Total time:  15.274 s
[INFO] Finished at: 2026-02-11T20:45:25-03:00
[INFO] ------------------------------------------------------------------------
[ERROR] Failed to execute goal org.apache.maven.plugins:maven-compiler-plugin:3.14.1:compile (default-compile) on project delivery_api: Compilation failure
[ERROR] /C:/Users/silas/Desktop/Projetos Arquitetura de Sistemas FAT 2026/delivery_api (2)/delivery_api/src/main/java/com/deliverutech/delivery_api/model/Produto.java:[41,32] bad operand types for binary operator '!='
[ERROR]   first type:  boolean
[ERROR]   second type: <nulltype>
[ERROR] 
[ERROR] -> [Help 1]
org.apache.maven.lifecycle.LifecycleExecutionException: Failed to execute goal org.apache.maven.plugins:maven-compiler-plugin:3.14.1:compile (default-compile) on project delivery_api: Compilation failure
/C:/Users/silas/Desktop/Projetos Arquitetura de Sistemas FAT 2026/delivery_api (2)/delivery_api/src/main/java/com/deliverutech/delivery_api/model/Produto.java:[41,32] bad operand types for binary operator '!='
  first type:  boolean
  second type: <nulltype>

    at org.apache.maven.lifecycle.internal.MojoExecutor.doExecute2 (MojoExecutor.java:333)
    at org.apache.maven.lifecycle.internal.MojoExecutor.doExecute (MojoExecutor.java:316)
    at org.apache.maven.lifecycle.internal.MojoExecutor.execute (MojoExecutor.java:212)
    at org.apache.maven.lifecycle.internal.MojoExecutor.execute (MojoExecutor.java:174)
    at org.apache.maven.lifecycle.internal.MojoExecutor.access$000 (MojoExecutor.java:75)
    at org.apache.maven.lifecycle.internal.MojoExecutor$1.run (MojoExecutor.java:162)
    at org.apache.maven.plugin.DefaultMojosExecutionStrategy.execute (DefaultMojosExecutionStrategy.java:39)
    at org.apache.maven.lifecycle.internal.MojoExecutor.execute (MojoExecutor.java:159)
    at org.apache.maven.lifecycle.internal.LifecycleModuleBuilder.buildProject (LifecycleModuleBuilder.java:105)
    at org.apache.maven.lifecycle.internal.LifecycleModuleBuilder.buildProject (LifecycleModuleBuilder.java:73)
    at org.apache.maven.lifecycle.internal.builder.singlethreaded.SingleThreadedBuilder.build (SingleThreadedBuilder.java:53)
    at org.apache.maven.lifecycle.internal.LifecycleStarter.execute (LifecycleStarter.java:118)
    at org.apache.maven.DefaultMaven.doExecute (DefaultMaven.java:261)
    at org.apache.maven.DefaultMaven.doExecute (DefaultMaven.java:173)
    at org.apache.maven.DefaultMaven.execute (DefaultMaven.java:101)
    at org.apache.maven.cli.MavenCli.execute (MavenCli.java:906)
    at org.apache.maven.cli.MavenCli.doMain (MavenCli.java:283)
    at org.apache.maven.cli.MavenCli.main (MavenCli.java:206)
    at jdk.internal.reflect.DirectMethodHandleAccessor.invoke (DirectMethodHandleAccessor.java:103)
    at java.lang.reflect.Method.invoke (Method.java:580)
    at org.codehaus.plexus.classworlds.launcher.Launcher.launchEnhanced (Launcher.java:255)
    at org.codehaus.plexus.classworlds.launcher.Launcher.launch (Launcher.java:201)
    at org.codehaus.plexus.classworlds.launcher.Launcher.mainWithExitCode (Launcher.java:361)
    at org.codehaus.plexus.classworlds.launcher.Launcher.main (Launcher.java:314)
Caused by: org.apache.maven.plugin.compiler.CompilationFailureException: Compilation failure
/C:/Users/silas/Desktop/Projetos Arquitetura de Sistemas FAT 2026/delivery_api (2)/delivery_api/src/main/java/com/deliverutech/delivery_api/model/Produto.java:[41,32] bad operand types for binary operator '!='
  first type:  boolean
  second type: <nulltype>

    at org.apache.maven.plugin.compiler.AbstractCompilerMojo.executeReal (AbstractCompilerMojo.java:1318)
    at org.apache.maven.plugin.compiler.AbstractCompilerMojo.execute (AbstractCompilerMojo.java:708)
    at org.apache.maven.plugin.compiler.CompilerMojo.execute (CompilerMojo.java:235)
    at org.apache.maven.plugin.DefaultBuildPluginManager.executeMojo (DefaultBuildPluginManager.java:126)
    at org.apache.maven.lifecycle.internal.MojoExecutor.doExecute2 (MojoExecutor.java:328)
    at org.apache.maven.lifecycle.internal.MojoExecutor.doExecute (MojoExecutor.java:316)
    at org.apache.maven.lifecycle.internal.MojoExecutor.execute (MojoExecutor.java:212)
    at org.apache.maven.lifecycle.internal.MojoExecutor.execute (MojoExecutor.java:174)
    at org.apache.maven.lifecycle.internal.MojoExecutor.access$000 (MojoExecutor.java:75)
    at org.apache.maven.lifecycle.internal.MojoExecutor$1.run (MojoExecutor.java:162)
    at org.apache.maven.plugin.DefaultMojosExecutionStrategy.execute (DefaultMojosExecutionStrategy.java:39)
    at org.apache.maven.lifecycle.internal.MojoExecutor.execute (MojoExecutor.java:159)
    at org.apache.maven.lifecycle.internal.LifecycleModuleBuilder.buildProject (LifecycleModuleBuilder.java:105)
    at org.apache.maven.lifecycle.internal.LifecycleModuleBuilder.buildProject (LifecycleModuleBuilder.java:73)
    at org.apache.maven.lifecycle.internal.builder.singlethreaded.SingleThreadedBuilder.build (SingleThreadedBuilder.java:53)
    at org.apache.maven.lifecycle.internal.LifecycleStarter.execute (LifecycleStarter.java:118)
    at org.apache.maven.DefaultMaven.doExecute (DefaultMaven.java:261)
    at org.apache.maven.DefaultMaven.doExecute (DefaultMaven.java:173)
    at org.apache.maven.DefaultMaven.execute (DefaultMaven.java:101)
    at org.apache.maven.cli.MavenCli.execute (MavenCli.java:906)
    at org.apache.maven.cli.MavenCli.doMain (MavenCli.java:283)
    at org.apache.maven.cli.MavenCli.main (MavenCli.java:206)
    at jdk.internal.reflect.DirectMethodHandleAccessor.invoke (DirectMethodHandleAccessor.java:103)
    at java.lang.reflect.Method.invoke (Method.java:580)
    at org.codehaus.plexus.classworlds.launcher.Launcher.launchEnhanced (Launcher.java:255)
    at org.codehaus.plexus.classworlds.launcher.Launcher.launch (Launcher.java:201)
    at org.codehaus.plexus.classworlds.launcher.Launcher.mainWithExitCode (Launcher.java:361)
    at org.codehaus.plexus.classworlds.launcher.Launcher.main (Launcher.java:314)
[ERROR] 
[ERROR] 
[ERROR] For more information about the errors and possible solutions, please read the following articles:
[ERROR] [Help 1] http://cwiki.apache.org/confluence/display/MAVEN/MojoFailureException
[DEBUG] Shutting down adapter factory; available factories [file-lock, rwlock-local, semaphore-local, noop]; available name mappers [discriminating, file-gav, file-hgav, file-static, gav, static]
[DEBUG] Shutting down 'file-lock' factory
[DEBUG] Shutting down 'rwlock-local' factory
[DEBUG] Shutting down 'semaphore-local' factory
[DEBUG] Shutting down 'noop' factory
